Component: ARM Compiler 5.06 update 6 (build 750) Tool: armlink [4d35ed]

==============================================================================

Section Cross References

    main.o(i.KeyboardHandler) refers to main.o(.data) for device_Connected
    main.o(i.main) refers to buttons.o(i.Buttons_Init) for Buttons_Init
    main.o(i.main) refers to timer.o(i.Timer0_Init) for Timer0_Init
    main.o(i.main) refers to timer.o(i.Timer1_Init) for Timer1_Init
    main.o(i.main) refers to usbmode.o(i.USBStackModeSet) for USBStackModeSet
    main.o(i.main) refers to usbdhidkeyb.o(i.USBDHIDKeyboardInit) for USBDHIDKeyboardInit
    main.o(i.main) refers to buttons.o(i.Buttons_Poll) for Buttons_Poll
    main.o(i.main) refers to usbdhidkeyb.o(i.USBDHIDKeyboardKeyStateChange) for USBDHIDKeyboardKeyStateChange
    main.o(i.main) refers to main.o(.constdata) for .constdata
    main.o(i.main) refers to main.o(.data) for device_Connected
    main.o(i.main) refers to usb_keyb_structs.o(.data) for g_sKeyboardDevice
    main.o(i.main) refers to buttons.o(.data) for Buttons_pressTimeElapsed
    startup_rvmdk.o(RESET) refers to startup_rvmdk.o(STACK) for StackMem
    startup_rvmdk.o(RESET) refers to buttons.o(i.Timer1AIntHandler) for Timer1AIntHandler
    startup_rvmdk.o(RESET) refers to usbdhandler.o(i.USB0DeviceIntHandler) for USB0DeviceIntHandler
    startup_rvmdk.o(RESET) refers to entry.o(.ARM.Collect$$$$00000000) for __main
    usb_keyb_structs.o(.data) refers to main.o(i.KeyboardHandler) for KeyboardHandler
    usb_keyb_structs.o(.data) refers to usb_keyb_structs.o(.constdata) for g_ppui8StringDescriptors
    buttons.o(i.Buttons_Debounce) refers to timer.o(i.TimerEnable) for TimerEnable
    buttons.o(i.Buttons_Poll) refers to buttons.o(i.Buttons_Debounce) for Buttons_Debounce
    buttons.o(i.Buttons_Poll) refers to buttons.o(.data) for Timer_counting
    buttons.o(i.Timer1AIntHandler) refers to buttons.o(.data) for Buttons_pressTimeElapsed
    timer.o(i.Timer0_Init) refers to sysctl.o(i.SysCtlPeripheralEnable) for SysCtlPeripheralEnable
    timer.o(i.Timer0_Init) refers to sysctl.o(i.SysCtlPeripheralReady) for SysCtlPeripheralReady
    timer.o(i.Timer0_Init) refers to timer.o(i.TimerConfigure) for TimerConfigure
    timer.o(i.Timer0_Init) refers to timer.o(i.TimerClockSourceSet) for TimerClockSourceSet
    timer.o(i.Timer0_Init) refers to timer.o(i.TimerLoadSet) for TimerLoadSet
    timer.o(i.Timer1_Init) refers to sysctl.o(i.SysCtlPeripheralEnable) for SysCtlPeripheralEnable
    timer.o(i.Timer1_Init) refers to sysctl.o(i.SysCtlPeripheralReady) for SysCtlPeripheralReady
    timer.o(i.Timer1_Init) refers to timer.o(i.TimerConfigure) for TimerConfigure
    timer.o(i.Timer1_Init) refers to timer.o(i.TimerClockSourceSet) for TimerClockSourceSet
    timer.o(i.Timer1_Init) refers to timer.o(i.TimerLoadSet) for TimerLoadSet
    timer.o(i.Timer1_Init) refers to timer.o(i.TimerIntEnable) for TimerIntEnable
    timer.o(i.Timer1_Init) refers to interrupt.o(i.IntEnable) for IntEnable
    timer.o(i.Timer1_Init) refers to interrupt.o(i.IntMasterEnable) for IntMasterEnable
    interrupt.o(i.IntDisable) refers to interrupt.o(.constdata) for .constdata
    interrupt.o(i.IntEnable) refers to interrupt.o(.constdata) for .constdata
    interrupt.o(i.IntIsEnabled) refers to interrupt.o(.constdata) for .constdata
    interrupt.o(i.IntMasterDisable) refers to cpu.o(.emb_text) for CPUcpsid
    interrupt.o(i.IntMasterEnable) refers to cpu.o(.emb_text) for CPUcpsie
    interrupt.o(i.IntPendClear) refers to interrupt.o(.constdata) for .constdata
    interrupt.o(i.IntPendSet) refers to interrupt.o(.constdata) for .constdata
    interrupt.o(i.IntPriorityGet) refers to interrupt.o(.constdata) for .constdata
    interrupt.o(i.IntPriorityGroupingGet) refers to interrupt.o(.constdata) for .constdata
    interrupt.o(i.IntPriorityGroupingSet) refers to interrupt.o(.constdata) for .constdata
    interrupt.o(i.IntPriorityMaskGet) refers to cpu.o(.emb_text) for CPUbasepriGet
    interrupt.o(i.IntPriorityMaskSet) refers to cpu.o(.emb_text) for CPUbasepriSet
    interrupt.o(i.IntPrioritySet) refers to interrupt.o(.constdata) for .constdata
    interrupt.o(i.IntRegister) refers to interrupt.o(vtable) for vtable
    interrupt.o(i.IntUnregister) refers to interrupt.o(i._IntDefaultHandler) for _IntDefaultHandler
    interrupt.o(i.IntUnregister) refers to interrupt.o(vtable) for vtable
    sysctl.o(i.SysCtlClockFreqSet) refers to sysctl.o(.constdata) for .constdata
    sysctl.o(i.SysCtlClockGet) refers to sysctl.o(.constdata) for .constdata
    sysctl.o(i.SysCtlClockSet) refers to sysctl.o(.emb_text) for SysCtlDelay
    sysctl.o(i.SysCtlDeepSleep) refers to cpu.o(.emb_text) for CPUwfi
    sysctl.o(i.SysCtlIntRegister) refers to interrupt.o(i.IntRegister) for IntRegister
    sysctl.o(i.SysCtlIntRegister) refers to interrupt.o(i.IntEnable) for IntEnable
    sysctl.o(i.SysCtlIntUnregister) refers to interrupt.o(i.IntDisable) for IntDisable
[...]
    Removing sysctl.o(i.SysCtlPWMClockSet), (20 bytes).
    Removing sysctl.o(i.SysCtlPeripheralClockGating), (68 bytes).
    Removing sysctl.o(i.SysCtlPeripheralDeepSleepDisable), (40 bytes).
    Removing sysctl.o(i.SysCtlPeripheralDeepSleepEnable), (40 bytes).
    Removing sysctl.o(i.SysCtlPeripheralDisable), (40 bytes).
    Removing sysctl.o(i.SysCtlPeripheralPowerOff), (40 bytes).
    Removing sysctl.o(i.SysCtlPeripheralPowerOn), (40 bytes).
    Removing sysctl.o(i.SysCtlPeripheralPresent), (44 bytes).
    Removing sysctl.o(i.SysCtlPeripheralSleepDisable), (40 bytes).
    Removing sysctl.o(i.SysCtlPeripheralSleepEnable), (40 bytes).
    Removing sysctl.o(i.SysCtlReset), (16 bytes).
    Removing sysctl.o(i.SysCtlResetBehaviorGet), (12 bytes).
    Removing sysctl.o(i.SysCtlResetBehaviorSet), (12 bytes).
    Removing sysctl.o(i.SysCtlResetCauseClear), (16 bytes).
    Removing sysctl.o(i.SysCtlResetCauseGet), (12 bytes).
    Removing sysctl.o(i.SysCtlSRAMSizeGet), (16 bytes).
    Removing sysctl.o(i.SysCtlSleep), (4 bytes).
    Removing sysctl.o(i.SysCtlSleepPowerSet), (12 bytes).
    Removing sysctl.o(i.SysCtlUSBPLLDisable), (16 bytes).
    Removing sysctl.o(i.SysCtlVCOGet), (120 bytes).
    Removing sysctl.o(i.SysCtlVoltageEventClear), (16 bytes).
    Removing sysctl.o(i.SysCtlVoltageEventConfig), (12 bytes).
    Removing sysctl.o(i.SysCtlVoltageEventStatus), (12 bytes).
    Removing sysctl.o(.constdata), (596 bytes).
    Removing timer.o(i.TimerADCEventGet), (4 bytes).
    Removing timer.o(i.TimerADCEventSet), (4 bytes).
    Removing timer.o(i.TimerClockSourceGet), (6 bytes).
    Removing timer.o(i.TimerControlEvent), (18 bytes).
    Removing timer.o(i.TimerControlLevel), (22 bytes).
    Removing timer.o(i.TimerControlStall), (22 bytes).
    Removing timer.o(i.TimerControlTrigger), (80 bytes).
    Removing timer.o(i.TimerControlWaitOnTrigger), (48 bytes).
    Removing timer.o(i.TimerDMAEventGet), (4 bytes).
    Removing timer.o(i.TimerDMAEventSet), (4 bytes).
    Removing timer.o(i.TimerDisable), (16 bytes).
    Removing timer.o(i.TimerIntClear), (4 bytes).
    Removing timer.o(i.TimerIntDisable), (10 bytes).
    Removing timer.o(i.TimerIntRegister), (104 bytes).
    Removing timer.o(i.TimerIntStatus), (10 bytes).
    Removing timer.o(i.TimerIntUnregister), (104 bytes).
    Removing timer.o(i.TimerLoadGet), (10 bytes).
    Removing timer.o(i.TimerLoadGet64), (14 bytes).
    Removing timer.o(i.TimerLoadSet64), (6 bytes).
    Removing timer.o(i.TimerMatchGet), (10 bytes).
    Removing timer.o(i.TimerMatchGet64), (14 bytes).
    Removing timer.o(i.TimerMatchSet), (18 bytes).
    Removing timer.o(i.TimerMatchSet64), (6 bytes).
    Removing timer.o(i.TimerPrescaleGet), (10 bytes).
    Removing timer.o(i.TimerPrescaleMatchGet), (10 bytes).
    Removing timer.o(i.TimerPrescaleMatchSet), (18 bytes).
    Removing timer.o(i.TimerPrescaleSet), (18 bytes).
    Removing timer.o(i.TimerRTCDisable), (10 bytes).
    Removing timer.o(i.TimerRTCEnable), (10 bytes).
    Removing timer.o(i.TimerSynchronize), (4 bytes).
    Removing timer.o(i.TimerUpdateMode), (42 bytes).
    Removing timer.o(i.TimerValueGet), (10 bytes).
    Removing timer.o(i.TimerValueGet64), (14 bytes).
    Removing timer.o(.constdata), (160 bytes).
    Removing usbdhidkeyb.o(i.USBDHIDKeyboardPowerStatusSet), (6 bytes).
    Removing usbdhidkeyb.o(i.USBDHIDKeyboardRemoteWakeupRequest), (6 bytes).
    Removing usbdhidkeyb.o(i.USBDHIDKeyboardSetCBData), (8 bytes).
    Removing usbdhidkeyb.o(i.USBDHIDKeyboardTerm), (12 bytes).
    Removing usbmode.o(i.OTGDeviceDisconnect), (28 bytes).
    Removing usbmode.o(i.USB0DualModeIntHandler), (76 bytes).
    Removing usbmode.o(i.USB0OTGModeIntHandler), (204 bytes).
    Removing usbmode.o(i.USBDualModeInit), (116 bytes).
    Removing usbmode.o(i.USBDualModeTerm), (44 bytes).
    Removing usbmode.o(i.USBOTGFeatureSet), (44 bytes).
    Removing usbmode.o(i.USBOTGMain), (136 bytes).
    Removing usbmode.o(i.USBOTGModeInit), (184 bytes).
    Removing usbmode.o(i.USBOTGModeTerm), (52 bytes).
    Removing usbmode.o(i.USBOTGPollRate), (12 bytes).
    Removing usbmode.o(i.USBOTGSetMode), (136 bytes).
    Removing usb.o(i.USBClockDisable), (8 bytes).
    Removing usb.o(i.USBDMAChannelAddressGet), (10 bytes).
    Removing usb.o(i.USBDMAChannelCountGet), (10 bytes).
    Removing usb.o(i.USBDMAChannelStatusClear), (20 bytes).
    Removing usb.o(i.USBDMANumChannels), (8 bytes).
    Removing usb.o(i.USBDevAddrGet), (4 bytes).
    Removing usb.o(i.USBDevEndpointConfigGet), (144 bytes).
    Removing usb.o(i.USBDevLPMRemoteWake), (14 bytes).
    Removing usb.o(i.USBDevSpeedGet), (14 bytes).
    Removing usb.o(i.USBEndpointDataToggleClear), (36 bytes).
    Removing usb.o(i.USBFIFOConfigGet), (80 bytes).
    Removing usb.o(i.USBFIFOFlush), (80 bytes).
    Removing usb.o(i.USBFrameNumberGet), (4 bytes).
    Removing usb.o(i.USBHighSpeed), (18 bytes).
    Removing usb.o(i.USBHostAddrGet), (20 bytes).
    Removing usb.o(i.USBHostAddrSet), (22 bytes).
    Removing usb.o(i.USBHostEndpointConfig), (242 bytes).
    Removing usb.o(i.USBHostEndpointDataAck), (32 bytes).
    Removing usb.o(i.USBHostEndpointDataToggle), (112 bytes).
    Removing usb.o(i.USBHostEndpointPing), (28 bytes).
    Removing usb.o(i.USBHostEndpointSpeed), (84 bytes).
    Removing usb.o(i.USBHostEndpointStatusClear), (40 bytes).
    Removing usb.o(i.USBHostHubAddrGet), (20 bytes).
    Removing usb.o(i.USBHostHubAddrSet), (70 bytes).
    Removing usb.o(i.USBHostLPMConfig), (24 bytes).
    Removing usb.o(i.USBHostLPMResume), (14 bytes).
    Removing usb.o(i.USBHostLPMSend), (36 bytes).
    Removing usb.o(i.USBHostMode), (8 bytes).
    Removing usb.o(i.USBHostPwrConfig), (26 bytes).
    Removing usb.o(i.USBHostPwrDisable), (14 bytes).
    Removing usb.o(i.USBHostPwrEnable), (14 bytes).
    Removing usb.o(i.USBHostPwrFaultDisable), (14 bytes).
    Removing usb.o(i.USBHostPwrFaultEnable), (14 bytes).
    Removing usb.o(i.USBHostRequestIN), (18 bytes).
    Removing usb.o(i.USBHostRequestINClear), (22 bytes).
    Removing usb.o(i.USBHostRequestStatus), (8 bytes).
    Removing usb.o(i.USBHostReset), (18 bytes).
    Removing usb.o(i.USBHostSpeedGet), (44 bytes).
    Removing usb.o(i.USBHostSuspend), (10 bytes).
    Removing usb.o(i.USBIntDisableControl), (44 bytes).
    Removing usb.o(i.USBIntDisableEndpoint), (24 bytes).
    Removing usb.o(i.USBIntRegister), (68 bytes).
    Removing usb.o(i.USBIntUnregister), (68 bytes).
    Removing usb.o(i.USBLPMEndpointGet), (10 bytes).
    Removing usb.o(i.USBLPMIntDisable), (14 bytes).
    Removing usb.o(i.USBLPMLinkStateGet), (10 bytes).
    Removing usb.o(i.USBLPMRemoteWakeEnabled), (14 bytes).
    Removing usb.o(i.USBModeConfig), (6 bytes).
    Removing usb.o(i.USBModeGet), (10 bytes).
    Removing usb.o(i.USBNumEndpointsGet), (10 bytes).
    Removing usb.o(i.USBOTGSessionRequest), (22 bytes).
    Removing usb.o(i.USBPHYPowerOff), (10 bytes).
    Removing usb.o(i.USBPHYPowerOn), (10 bytes).
    Removing usb.o(i.USBULPIConfig), (6 bytes).
    Removing usbdenum.o(i.USBDCDFeatureGet), (24 bytes).
    Removing usbdenum.o(i.USBDCDFeatureSet), (128 bytes).
    Removing usbdenum.o(i.USBDCDPowerStatusSet), (28 bytes).
    Removing usbdenum.o(i.USBDCDRemoteWakeLPM), (32 bytes).
    Removing usbdenum.o(i.USBDCDRemoteWakeupRequest), (56 bytes).
    Removing usbdenum.o(i.USBDCDSetDefaultConfiguration), (12 bytes).
    Removing usbdenum.o(i.USBDCDTerm), (92 bytes).
    Removing usbdenum.o(i.USBDeviceEnumResetHandler), (64 bytes).
    Removing usbdhid.o(i.USBDHIDPacketRead), (134 bytes).
    Removing usbdhid.o(i.USBDHIDPowerStatusSet), (6 bytes).
    Removing usbdhid.o(i.USBDHIDRemoteWakeupRequest), (6 bytes).
    Removing usbdhid.o(i.USBDHIDRxPacketAvailable), (38 bytes).
    Removing usbdhid.o(i.USBDHIDSetRxCBData), (8 bytes).
    Removing usbdhid.o(i.USBDHIDSetTxCBData), (8 bytes).
    Removing usbdhid.o(i.USBDHIDTerm), (18 bytes).
    Removing usbhostenum.o(i.ConfigDescAlloc), (112 bytes).
    Removing usbhostenum.o(i.ConfigDescFree), (64 bytes).
    Removing usbhostenum.o(i.InternalUSBHCDSendEvent), (56 bytes).
    Removing usbhostenum.o(i.ProcessUSBDeviceStateMachine), (984 bytes).
    Removing usbhostenum.o(i.USB0HostIntHandler), (24 bytes).
    Removing usbhostenum.o(i.USBHCDControlTransfer), (628 bytes).
    Removing usbhostenum.o(i.USBHCDDevAddress), (40 bytes).
    Removing usbhostenum.o(i.USBHCDDevClass), (60 bytes).
    Removing usbhostenum.o(i.USBHCDDevHubPort), (40 bytes).
    Removing usbhostenum.o(i.USBHCDDevProtocol), (60 bytes).
    Removing usbhostenum.o(i.USBHCDDevSubClass), (60 bytes).
    Removing usbhostenum.o(i.USBHCDDeviceDisconnected), (160 bytes).
    Removing usbhostenum.o(i.USBHCDEventDisable), (88 bytes).
    Removing usbhostenum.o(i.USBHCDEventEnable), (88 bytes).
    Removing usbhostenum.o(i.USBHCDFeatureSet), (140 bytes).
    Removing usbhostenum.o(i.USBHCDHubDeviceConnected), (100 bytes).
    Removing usbhostenum.o(i.USBHCDHubDeviceDisconnected), (16 bytes).
    Removing usbhostenum.o(i.USBHCDInit), (256 bytes).
    Removing usbhostenum.o(i.USBHCDInitInternal), (404 bytes).
    Removing usbhostenum.o(i.USBHCDLPMResume), (12 bytes).
    Removing usbhostenum.o(i.USBHCDLPMSleep), (88 bytes).
    Removing usbhostenum.o(i.USBHCDLPMStatus), (26 bytes).
    Removing usbhostenum.o(i.USBHCDMain), (248 bytes).
    Removing usbhostenum.o(i.USBHCDPipeAlloc), (12 bytes).
    Removing usbhostenum.o(i.USBHCDPipeAllocSize), (756 bytes).
    Removing usbhostenum.o(i.USBHCDPipeConfig), (236 bytes).
    Removing usbhostenum.o(i.USBHCDPipeDataAck), (48 bytes).
    Removing usbhostenum.o(i.USBHCDPipeFree), (292 bytes).
    Removing usbhostenum.o(i.USBHCDPipeRead), (520 bytes).
    Removing usbhostenum.o(i.USBHCDPipeReadNonBlocking), (68 bytes).
    Removing usbhostenum.o(i.USBHCDPipeSchedule), (180 bytes).
    Removing usbhostenum.o(i.USBHCDPipeTransferSizeGet), (28 bytes).
    Removing usbhostenum.o(i.USBHCDPipeWrite), (492 bytes).
    Removing usbhostenum.o(i.USBHCDPowerAutomatic), (20 bytes).
    Removing usbhostenum.o(i.USBHCDPowerConfigGet), (12 bytes).
    Removing usbhostenum.o(i.USBHCDPowerConfigInit), (12 bytes).
    Removing usbhostenum.o(i.USBHCDPowerConfigSet), (84 bytes).
    Removing usbhostenum.o(i.USBHCDRegisterDrivers), (16 bytes).
    Removing usbhostenum.o(i.USBHCDReset), (60 bytes).
    Removing usbhostenum.o(i.USBHCDResume), (44 bytes).
    Removing usbhostenum.o(i.USBHCDSetAddress), (84 bytes).
    Removing usbhostenum.o(i.USBHCDSetConfig), (48 bytes).
    Removing usbhostenum.o(i.USBHCDSetInterface), (50 bytes).
    Removing usbhostenum.o(i.USBHCDStringDescriptorGet), (58 bytes).
    Removing usbhostenum.o(i.USBHCDSuspend), (12 bytes).
    Removing usbhostenum.o(i.USBHCDTerm), (136 bytes).
    Removing usbhostenum.o(i.USBHostCheckPipes), (116 bytes).
    Removing usbhostenum.o(i.USBHostIntHandlerInternal), (1188 bytes).
    Removing usbhostenum.o(.bss), (1812 bytes).
    Removing usbhostenum.o(.data), (32 bytes).
    Removing usbtick.o(i.InternalUSBTickReset), (12 bytes).
    Removing usbdcdesc.o(i.USBDCDConfigGetNumAlternateInterfaces), (88 bytes).
    Removing usbdesc.o(i.USBDescGetInterface), (122 bytes).
    Removing usbdesc.o(i.USBDescGetInterfaceEndpoint), (66 bytes).
    Removing usbdesc.o(i.USBDescGetNumAlternateInterfaces), (42 bytes).
    Removing usbdma.o(i.USBLibDMAAddrGet), (8 bytes).
    Removing usbdma.o(i.USBLibDMASizeGet), (8 bytes).
    Removing usbhhub.o(i.HubDriverClose), (132 bytes).
    Removing usbhhub.o(i.HubDriverOpen), (400 bytes).
    Removing usbhhub.o(i.HubIntINCallback), (88 bytes).
    Removing usbhhub.o(i.USBHHubClose), (8 bytes).
    Removing usbhhub.o(i.USBHHubEnumerationComplete), (28 bytes).
    Removing usbhhub.o(i.USBHHubEnumerationError), (28 bytes).
    Removing usbhhub.o(i.USBHHubInit), (68 bytes).
    Removing usbhhub.o(i.USBHHubLPMSleep), (6 bytes).
    Removing usbhhub.o(i.USBHHubLPMStatus), (6 bytes).
    Removing usbhhub.o(i.USBHHubMain), (888 bytes).
    Removing usbhhub.o(i.USBHHubOpen), (20 bytes).
    Removing usbhhub.o(.bss), (156 bytes).
    Removing usbhhub.o(.constdata), (16 bytes).
    Removing usbhhub.o(.data), (8 bytes).
    Removing usbulpi.o(i.ULPIPowerTransceiver), (18 bytes).
    Removing udma.o(i.uDMAChannelAssign), (44 bytes).
    Removing udma.o(i.uDMAChannelAttributeEnable), (72 bytes).
    Removing udma.o(i.uDMAChannelAttributeGet), (64 bytes).
    Removing udma.o(i.uDMAChannelIsEnabled), (28 bytes).
    Removing udma.o(i.uDMAChannelRequest), (20 bytes).
    Removing udma.o(i.uDMAChannelScatterGatherSet), (84 bytes).
    Removing udma.o(i.uDMAChannelSelectDefault), (16 bytes).
    Removing udma.o(i.uDMAChannelSelectSecondary), (16 bytes).
    Removing udma.o(i.uDMAChannelSizeGet), (32 bytes).
    Removing udma.o(i.uDMAControlAlternateBaseGet), (12 bytes).
    Removing udma.o(i.uDMAControlBaseGet), (12 bytes).
    Removing udma.o(i.uDMAControlBaseSet), (12 bytes).
    Removing udma.o(i.uDMADisable), (12 bytes).
    Removing udma.o(i.uDMAEnable), (12 bytes).
    Removing udma.o(i.uDMAErrorStatusClear), (12 bytes).
    Removing udma.o(i.uDMAErrorStatusGet), (12 bytes).
    Removing udma.o(i.uDMAIntClear), (12 bytes).
    Removing udma.o(i.uDMAIntRegister), (18 bytes).
    Removing udma.o(i.uDMAIntStatus), (12 bytes).
    Removing udma.o(i.uDMAIntUnregister), (18 bytes).

279 unused section(s) (total 21518 bytes) removed from the image.

==============================================================================

Image Symbol Table

    Local Symbols

    Symbol Name                              Value     Ov Type        Size  Object(Section)

    RESET                                    0x00000000   Section      648  startup_rvmdk.o(RESET)
    ../clib/microlib/init/entry.s            0x00000000   Number         0  entry8b.o ABSOLUTE
    ../clib/microlib/init/entry.s            0x00000000   Number         0  entry8a.o ABSOLUTE
    ../clib/microlib/init/entry.s            0x00000000   Number         0  entry2.o ABSOLUTE
    ../clib/microlib/init/entry.s            0x00000000   Number         0  entry11b.o ABSOLUTE
    ../clib/microlib/init/entry.s            0x00000000   Number         0  entry9a.o ABSOLUTE
    ../clib/microlib/init/entry.s            0x00000000   Number         0  entry9b.o ABSOLUTE
    ../clib/microlib/init/entry.s            0x00000000   Number         0  entry10a.o ABSOLUTE
    ../clib/microlib/init/entry.s            0x00000000   Number         0  entry.o ABSOLUTE
    ../clib/microlib/init/entry.s            0x00000000   Number         0  entry11a.o ABSOLUTE
    ../clib/microlib/init/entry.s            0x00000000   Number         0  entry10b.o ABSOLUTE
    ../clib/microlib/init/entry.s            0x00000000   Number         0  entry5.o ABSOLUTE
    ../clib/microlib/init/entry.s            0x00000000   Number         0  entry7a.o ABSOLUTE
    ../clib/microlib/init/entry.s            0x00000000   Number         0  entry7b.o ABSOLUTE
    C:\ti\TivaWare_C_Series-2.2.0.295\examples\project\startup_rvmdk.S 0x00000000   Number         0  startup_rvmdk.o ABSOLUTE
    Timer.c                                  0x00000000   Number         0  timer.o ABSOLUTE
    buttons.c                                0x00000000   Number         0  buttons.o ABSOLUTE
    cpu.c                                    0x00000000   Number         0  cpu.o ABSOLUTE
    cpu.c                                    0x00000000   Number         0  cpu.o ABSOLUTE
    dc.s                                     0x00000000   Number         0  dc.o ABSOLUTE
    device\usbdcdesc.c                       0x00000000   Number         0  usbdcdesc.o ABSOLUTE
    device\usbdconfig.c                      0x00000000   Number         0  usbdconfig.o ABSOLUTE
    device\usbdenum.c                        0x00000000   Number         0  usbdenum.o ABSOLUTE
    device\usbdhandler.c                     0x00000000   Number         0  usbdhandler.o ABSOLUTE
    device\usbdhid.c                         0x00000000   Number         0  usbdhid.o ABSOLUTE
    device\usbdhidkeyb.c                     0x00000000   Number         0  usbdhidkeyb.o ABSOLUTE
    handlers.s                               0x00000000   Number         0  handlers.o ABSOLUTE
    host\usbhhub.c                           0x00000000   Number         0  usbhhub.o ABSOLUTE
    host\usbhostenum.c                       0x00000000   Number         0  usbhostenum.o ABSOLUTE
    init.s                                   0x00000000   Number         0  init.o ABSOLUTE
    interrupt.c                              0x00000000   Number         0  interrupt.o ABSOLUTE
    main.c                                   0x00000000   Number         0  main.o ABSOLUTE
    sysctl.c                                 0x00000000   Number         0  sysctl.o ABSOLUTE
    sysctl.c                                 0x00000000   Number         0  sysctl.o ABSOLUTE
    timer.c                                  0x00000000   Number         0  timer.o ABSOLUTE
    udma.c                                   0x00000000   Number         0  udma.o ABSOLUTE
    usb.c                                    0x00000000   Number         0  usb.o ABSOLUTE
    usb_keyb_structs.c                       0x00000000   Number         0  usb_keyb_structs.o ABSOLUTE
    usbdesc.c                                0x00000000   Number         0  usbdesc.o ABSOLUTE
    usbdma.c                                 0x00000000   Number         0  usbdma.o ABSOLUTE
    usbmode.c                                0x00000000   Number         0  usbmode.o ABSOLUTE
    usbtick.c                                0x00000000   Number         0  usbtick.o ABSOLUTE
    usbulpi.c                                0x00000000   Number         0  usbulpi.o ABSOLUTE
    $v0                                      0x0000026c   Number         0  startup_rvmdk.o(RESET)
    NmiSR                                    0x00000281   Thumb Code     0  startup_rvmdk.o(RESET)
    FaultISR                                 0x00000283   Thumb Code     0  startup_rvmdk.o(RESET)
    IntDefaultHandler                        0x00000285   Thumb Code     0  startup_rvmdk.o(RESET)
    .ARM.Collect$$$$00000000                 0x00000288   Section        0  entry.o(.ARM.Collect$$$$00000000)
    .ARM.Collect$$$$00000001                 0x00000288   Section        4  entry2.o(.ARM.Collect$$$$00000001)
    .ARM.Collect$$$$00000004                 0x0000028c   Section        4  entry5.o(.ARM.Collect$$$$00000004)
    .ARM.Collect$$$$00000008                 0x00000290   Section        0  entry7b.o(.ARM.Collect$$$$00000008)
    .ARM.Collect$$$$0000000A                 0x00000290   Section        0  entry8b.o(.ARM.Collect$$$$0000000A)
    .ARM.Collect$$$$0000000B                 0x00000290   Section        8  entry9a.o(.ARM.Collect$$$$0000000B)
    .ARM.Collect$$$$0000000D                 0x00000298   Section        0  entry10a.o(.ARM.Collect$$$$0000000D)
    .ARM.Collect$$$$0000000F                 0x00000298   Section        0  entry11a.o(.ARM.Collect$$$$0000000F)
    .ARM.Collect$$$$00002712                 0x00000298   Section        4  entry2.o(.ARM.Collect$$$$00002712)
    __lit__00000000                          0x00000298   Data           4  entry2.o(.ARM.Collect$$$$00002712)
    .emb_text                                0x0000029c   Section       38  cpu.o(.emb_text)
    $v0                                      0x0000029c   Number         0  cpu.o(.emb_text)
    .text                                    0x000002c4   Section       36  init.o(.text)
    i.Buttons_Debounce                       0x000002e8   Section        0  buttons.o(i.Buttons_Debounce)
    i.Buttons_Init                           0x00000320   Section        0  buttons.o(i.Buttons_Init)
    i.Buttons_Poll                           0x00000398   Section        0  buttons.o(i.Buttons_Poll)
    i.DMAUSBIntHandler                       0x000003f0   Section        0  usbdma.o(i.DMAUSBIntHandler)
    DMAUSBIntHandler                         0x000003f1   Thumb Code    64  usbdma.o(i.DMAUSBIntHandler)
    i.DMAUSBIntStatusClear                   0x00000430   Section        0  usbdma.o(i.DMAUSBIntStatusClear)
    DMAUSBIntStatusClear                     0x00000431   Thumb Code    14  usbdma.o(i.DMAUSBIntStatusClear)
    i.DMAUSBStatus                           0x0000043e   Section        0  usbdma.o(i.DMAUSBStatus)
    DMAUSBStatus                             0x0000043f   Thumb Code     4  usbdma.o(i.DMAUSBStatus)
    i.HIDKeyboardRxHandler                   0x00000442   Section        0  usbdhidkeyb.o(i.HIDKeyboardRxHandler)
    HIDKeyboardRxHandler                     0x00000443   Thumb Code   184  usbdhidkeyb.o(i.HIDKeyboardRxHandler)
    i.HIDKeyboardTxHandler                   0x000004fa   Section        0  usbdhidkeyb.o(i.HIDKeyboardTxHandler)
    HIDKeyboardTxHandler                     0x000004fb   Thumb Code    62  usbdhidkeyb.o(i.HIDKeyboardTxHandler)
    i.HIDTickHandler                         0x00000538   Section        0  usbdhid.o(i.HIDTickHandler)
    HIDTickHandler                           0x00000539   Thumb Code    60  usbdhid.o(i.HIDTickHandler)
    i.HandleConfigChange                     0x00000578   Section        0  usbdhid.o(i.HandleConfigChange)
    HandleConfigChange                       0x00000579   Thumb Code    78  usbdhid.o(i.HandleConfigChange)
    i.HandleDevice                           0x000005c6   Section        0  usbdhid.o(i.HandleDevice)
    HandleDevice                             0x000005c7   Thumb Code   128  usbdhid.o(i.HandleDevice)
    i.HandleDisconnect                       0x00000646   Section        0  usbdhid.o(i.HandleDisconnect)
    HandleDisconnect                         0x00000647   Thumb Code    30  usbdhid.o(i.HandleDisconnect)
    i.HandleEP0DataReceived                  0x00000664   Section        0  usbdhid.o(i.HandleEP0DataReceived)
    HandleEP0DataReceived                    0x00000665   Thumb Code    44  usbdhid.o(i.HandleEP0DataReceived)
    i.HandleEP0DataSent                      0x00000690   Section        0  usbdhid.o(i.HandleEP0DataSent)
    HandleEP0DataSent                        0x00000691   Thumb Code    32  usbdhid.o(i.HandleEP0DataSent)
    i.HandleEndpoints                        0x000006b0   Section        0  usbdhid.o(i.HandleEndpoints)
    HandleEndpoints                          0x000006b1   Thumb Code   286  usbdhid.o(i.HandleEndpoints)
    i.HandleGetDescriptor                    0x000007d4   Section        0  usbdhid.o(i.HandleGetDescriptor)
    HandleGetDescriptor                      0x000007d5   Thumb Code   184  usbdhid.o(i.HandleGetDescriptor)
    i.HandleRequest                          0x0000088c   Section        0  usbdhid.o(i.HandleRequest)
    HandleRequest                            0x0000088d   Thumb Code   414  usbdhid.o(i.HandleRequest)
    i.HandleReset                            0x00000a2a   Section        0  usbdhid.o(i.HandleReset)
    HandleReset                              0x00000a2b   Thumb Code    30  usbdhid.o(i.HandleReset)
    i.HandleResume                           0x00000a48   Section        0  usbdhid.o(i.HandleResume)
    HandleResume                             0x00000a49   Thumb Code    12  usbdhid.o(i.HandleResume)
    i.HandleSuspend                          0x00000a54   Section        0  usbdhid.o(i.HandleSuspend)
    HandleSuspend                            0x00000a55   Thumb Code    12  usbdhid.o(i.HandleSuspend)
    i.IntDisable                             0x00000a60   Section        0  interrupt.o(i.IntDisable)
    i.IntEnable                              0x00000ac4   Section        0  interrupt.o(i.IntEnable)
    i.IntIsEnabled                           0x00000b28   Section        0  interrupt.o(i.IntIsEnabled)
    i.IntMasterEnable                        0x00000b88   Section        0  interrupt.o(i.IntMasterEnable)
    i.InternalUSBRegisterTickHandler         0x00000b98   Section        0  usbtick.o(i.InternalUSBRegisterTickHandler)
    i.InternalUSBStartOfFrameTick            0x00000bcc   Section        0  usbtick.o(i.InternalUSBStartOfFrameTick)
    i.InternalUSBTickInit                    0x00000c04   Section        0  usbtick.o(i.InternalUSBTickInit)
    i.KeyboardHandler                        0x00000c3c   Section        0  main.o(i.KeyboardHandler)
    i.ProcessIdleTimers                      0x00000c64   Section        0  usbdhid.o(i.ProcessIdleTimers)
    ProcessIdleTimers                        0x00000c65   Thumb Code   176  usbdhid.o(i.ProcessIdleTimers)
    i.SysCtlPeripheralEnable                 0x00000d14   Section        0  sysctl.o(i.SysCtlPeripheralEnable)
    i.SysCtlPeripheralReady                  0x00000d3c   Section        0  sysctl.o(i.SysCtlPeripheralReady)
    i.SysCtlPeripheralReset                  0x00000d68   Section        0  sysctl.o(i.SysCtlPeripheralReset)
    i.SysCtlUSBPLLEnable                     0x00000da4   Section        0  sysctl.o(i.SysCtlUSBPLLEnable)
    i.Timer0_Init                            0x00000db4   Section        0  timer.o(i.Timer0_Init)
    i.Timer1AIntHandler                      0x00000df0   Section        0  buttons.o(i.Timer1AIntHandler)
    i.Timer1_Init                            0x00000e18   Section        0  timer.o(i.Timer1_Init)
    i.TimerClockSourceSet                    0x00000e68   Section        0  timer.o(i.TimerClockSourceSet)
    i.TimerConfigure                         0x00000e70   Section        0  timer.o(i.TimerConfigure)
    i.TimerEnable                            0x00000ed0   Section        0  timer.o(i.TimerEnable)
    i.TimerIntEnable                         0x00000ede   Section        0  timer.o(i.TimerIntEnable)
    i.TimerLoadSet                           0x00000ee6   Section        0  timer.o(i.TimerLoadSet)
    i.ULPIConfigSet                          0x00000ef8   Section        0  usbulpi.o(i.ULPIConfigSet)
    i.USB0DeviceIntHandler                   0x00000f54   Section        0  usbdhandler.o(i.USB0DeviceIntHandler)
    i.USBClockEnable                         0x00000f6c   Section        0  usb.o(i.USBClockEnable)
    i.USBControllerVersion                   0x00000f76   Section        0  usb.o(i.USBControllerVersion)
    i.USBDCDConfigDescGet                    0x00000f80   Section        0  usbdcdesc.o(i.USBDCDConfigDescGet)
    i.USBDCDConfigDescGetNum                 0x00000fd6   Section        0  usbdcdesc.o(i.USBDCDConfigDescGetNum)
    i.USBDCDConfigDescGetSize                0x0000100c   Section        0  usbdcdesc.o(i.USBDCDConfigDescGetSize)
    i.USBDCDConfigGetInterface               0x0000102e   Section        0  usbdcdesc.o(i.USBDCDConfigGetInterface)
    i.USBDCDConfigGetInterfaceEndpoint       0x000010ea   Section        0  usbdcdesc.o(i.USBDCDConfigGetInterfaceEndpoint)
    i.USBDCDDeviceInfoInit                   0x00001148   Section        0  usbdenum.o(i.USBDCDDeviceInfoInit)
    i.USBDCDInit                             0x0000118c   Section        0  usbdenum.o(i.USBDCDInit)
    i.USBDCDRequestDataEP0                   0x00001334   Section        0  usbdenum.o(i.USBDCDRequestDataEP0)
    i.USBDCDSendDataEP0                      0x00001348   Section        0  usbdenum.o(i.USBDCDSendDataEP0)
    i.USBDCDStallEP0                         0x0000135c   Section        0  usbdenum.o(i.USBDCDStallEP0)
    i.USBDClearFeature                       0x00001378   Section        0  usbdenum.o(i.USBDClearFeature)
    USBDClearFeature                         0x00001379   Thumb Code   156  usbdenum.o(i.USBDClearFeature)
    i.USBDEP0StateTx                         0x0000141c   Section        0  usbdenum.o(i.USBDEP0StateTx)
    USBDEP0StateTx                           0x0000141d   Thumb Code   104  usbdenum.o(i.USBDEP0StateTx)
    i.USBDEP0StateTxConfig                   0x00001490   Section        0  usbdenum.o(i.USBDEP0StateTxConfig)
    USBDEP0StateTxConfig                     0x00001491   Thumb Code   358  usbdenum.o(i.USBDEP0StateTxConfig)
    i.USBDGetConfiguration                   0x00001604   Section        0  usbdenum.o(i.USBDGetConfiguration)
    USBDGetConfiguration                     0x00001605   Thumb Code    46  usbdenum.o(i.USBDGetConfiguration)
    i.USBDGetDescriptor                      0x00001638   Section        0  usbdenum.o(i.USBDGetDescriptor)
    USBDGetDescriptor                        0x00001639   Thumb Code   354  usbdenum.o(i.USBDGetDescriptor)
    i.USBDGetInterface                       0x000017a8   Section        0  usbdenum.o(i.USBDGetInterface)
    USBDGetInterface                         0x000017a9   Thumb Code    82  usbdenum.o(i.USBDGetInterface)
    i.USBDGetStatus                          0x00001804   Section        0  usbdenum.o(i.USBDGetStatus)
    USBDGetStatus                            0x00001805   Thumb Code   124  usbdenum.o(i.USBDGetStatus)
    i.USBDHIDCompositeInit                   0x00001888   Section        0  usbdhid.o(i.USBDHIDCompositeInit)
    i.USBDHIDInit                            0x00001984   Section        0  usbdhid.o(i.USBDHIDInit)
    i.USBDHIDKeyboardCompositeInit           0x000019ac   Section        0  usbdhidkeyb.o(i.USBDHIDKeyboardCompositeInit)
    i.USBDHIDKeyboardInit                    0x00001a50   Section        0  usbdhidkeyb.o(i.USBDHIDKeyboardInit)
    i.USBDHIDKeyboardKeyStateChange          0x00001a88   Section        0  usbdhidkeyb.o(i.USBDHIDKeyboardKeyStateChange)
    i.USBDHIDReportWrite                     0x00001b76   Section        0  usbdhid.o(i.USBDHIDReportWrite)
    i.USBDHIDTxPacketAvailable               0x00001c18   Section        0  usbdhid.o(i.USBDHIDTxPacketAvailable)
    i.USBDMAChannelAddressSet                0x00001c26   Section        0  usb.o(i.USBDMAChannelAddressSet)
    i.USBDMAChannelConfigSet                 0x00001c30   Section        0  usb.o(i.USBDMAChannelConfigSet)
    i.USBDMAChannelCountSet                  0x00001c46   Section        0  usb.o(i.USBDMAChannelCountSet)
    i.USBDMAChannelDisable                   0x00001c50   Section        0  usb.o(i.USBDMAChannelDisable)
    i.USBDMAChannelEnable                    0x00001c62   Section        0  usb.o(i.USBDMAChannelEnable)
    i.USBDMAChannelIntDisable                0x00001c74   Section        0  usb.o(i.USBDMAChannelIntDisable)
    i.USBDMAChannelIntEnable                 0x00001c86   Section        0  usb.o(i.USBDMAChannelIntEnable)
    i.USBDMAChannelIntStatus                 0x00001c98   Section        0  usb.o(i.USBDMAChannelIntStatus)
    i.USBDMAChannelStatus                    0x00001c9e   Section        0  usb.o(i.USBDMAChannelStatus)
    i.USBDReadAndDispatchRequest             0x00001cac   Section        0  usbdenum.o(i.USBDReadAndDispatchRequest)
    USBDReadAndDispatchRequest               0x00001cad   Thumb Code   104  usbdenum.o(i.USBDReadAndDispatchRequest)
    i.USBDSetAddress                         0x00001d28   Section        0  usbdenum.o(i.USBDSetAddress)
    USBDSetAddress                           0x00001d29   Thumb Code    30  usbdenum.o(i.USBDSetAddress)
    i.USBDSetConfiguration                   0x00001d4c   Section        0  usbdenum.o(i.USBDSetConfiguration)
    USBDSetConfiguration                     0x00001d4d   Thumb Code   152  usbdenum.o(i.USBDSetConfiguration)
    i.USBDSetDescriptor                      0x00001df0   Section        0  usbdenum.o(i.USBDSetDescriptor)
    USBDSetDescriptor                        0x00001df1   Thumb Code    32  usbdenum.o(i.USBDSetDescriptor)
    i.USBDSetFeature                         0x00001e18   Section        0  usbdenum.o(i.USBDSetFeature)
    USBDSetFeature                           0x00001e19   Thumb Code   122  usbdenum.o(i.USBDSetFeature)
    i.USBDSetInterface                       0x00001e9c   Section        0  usbdenum.o(i.USBDSetInterface)
    USBDSetInterface                         0x00001e9d   Thumb Code   176  usbdenum.o(i.USBDSetInterface)
    i.USBDSyncFrame                          0x00001f58   Section        0  usbdenum.o(i.USBDSyncFrame)
    USBDSyncFrame                            0x00001f59   Thumb Code    32  usbdenum.o(i.USBDSyncFrame)
    i.USBDescGet                             0x00001f80   Section        0  usbdesc.o(i.USBDescGet)
    i.USBDescGetNum                          0x00001fb6   Section        0  usbdesc.o(i.USBDescGetNum)
    i.USBDevAddrSet                          0x00001fe4   Section        0  usb.o(i.USBDevAddrSet)
    i.USBDevConnect                          0x00001fe8   Section        0  usb.o(i.USBDevConnect)
    i.USBDevDisconnect                       0x00001ff2   Section        0  usb.o(i.USBDevDisconnect)
    i.USBDevEndpointConfigSet                0x00001ffc   Section        0  usb.o(i.USBDevEndpointConfigSet)
    i.USBDevEndpointDataAck                  0x00002084   Section        0  usb.o(i.USBDevEndpointDataAck)
    i.USBDevEndpointStall                    0x000020a8   Section        0  usb.o(i.USBDevEndpointStall)
    i.USBDevEndpointStallClear               0x000020dc   Section        0  usb.o(i.USBDevEndpointStallClear)
    i.USBDevEndpointStatusClear              0x00002126   Section        0  usb.o(i.USBDevEndpointStatusClear)
    i.USBDevLPMConfig                        0x00002184   Section        0  usb.o(i.USBDevLPMConfig)
    i.USBDevLPMDisable                       0x0000218a   Section        0  usb.o(i.USBDevLPMDisable)
    i.USBDevLPMEnable                        0x00002198   Section        0  usb.o(i.USBDevLPMEnable)
    i.USBDevMode                             0x000021a6   Section        0  usb.o(i.USBDevMode)
    i.USBDeviceConfig                        0x000021b0   Section        0  usbdconfig.o(i.USBDeviceConfig)
    i.USBDeviceConfigAlternate               0x00002350   Section        0  usbdconfig.o(i.USBDeviceConfigAlternate)
    i.USBDeviceEnumHandler                   0x00002418   Section        0  usbdenum.o(i.USBDeviceEnumHandler)
    i.USBDeviceIntHandlerInternal            0x00002504   Section        0  usbdenum.o(i.USBDeviceIntHandlerInternal)
    i.USBDeviceResumeTickHandler             0x0000269c   Section        0  usbdenum.o(i.USBDeviceResumeTickHandler)
    i.USBEndpointDMAChannel                  0x000026f4   Section        0  usb.o(i.USBEndpointDMAChannel)
    i.USBEndpointDMAConfigSet                0x0000270e   Section        0  usb.o(i.USBEndpointDMAConfigSet)
    i.USBEndpointDMADisable                  0x00002764   Section        0  usb.o(i.USBEndpointDMADisable)
    i.USBEndpointDMAEnable                   0x00002788   Section        0  usb.o(i.USBEndpointDMAEnable)
    i.USBEndpointDataAvail                   0x000027ac   Section        0  usb.o(i.USBEndpointDataAvail)
    i.USBEndpointDataGet                     0x000027ca   Section        0  usb.o(i.USBEndpointDataGet)
    i.USBEndpointDataPut                     0x0000281e   Section        0  usb.o(i.USBEndpointDataPut)
    i.USBEndpointDataSend                    0x00002858   Section        0  usb.o(i.USBEndpointDataSend)
    i.USBEndpointPacketCountSet              0x00002888   Section        0  usb.o(i.USBEndpointPacketCountSet)
    i.USBEndpointStatus                      0x00002894   Section        0  usb.o(i.USBEndpointStatus)
    i.USBFIFOAddrGet                         0x000028a4   Section        0  usb.o(i.USBFIFOAddrGet)
    i.USBFIFOConfigSet                       0x000028ac   Section        0  usb.o(i.USBFIFOConfigSet)
    i.USBHostResume                          0x000028ec   Section        0  usb.o(i.USBHostResume)
    i.USBIntEnableControl                    0x00002900   Section        0  usb.o(i.USBIntEnableControl)
    i.USBIntEnableEndpoint                   0x0000292c   Section        0  usb.o(i.USBIntEnableEndpoint)
    i.USBIntStatusControl                    0x00002944   Section        0  usb.o(i.USBIntStatusControl)
    i.USBIntStatusEndpoint                   0x00002980   Section        0  usb.o(i.USBIntStatusEndpoint)
    i.USBLPMIntEnable                        0x0000298a   Section        0  usb.o(i.USBLPMIntEnable)
    i.USBLPMIntStatus                        0x00002996   Section        0  usb.o(i.USBLPMIntStatus)
    i.USBLibDMAInit                          0x0000299c   Section        0  usbdma.o(i.USBLibDMAInit)
    i.USBOTGMode                             0x00002af8   Section        0  usb.o(i.USBOTGMode)
    i.USBStackModeSet                        0x00002b00   Section        0  usbmode.o(i.USBStackModeSet)
    i.USBULPIDisable                         0x00002b1c   Section        0  usb.o(i.USBULPIDisable)
    i.USBULPIEnable                          0x00002b2a   Section        0  usb.o(i.USBULPIEnable)
    i.USBULPIRegRead                         0x00002b38   Section        0  usb.o(i.USBULPIRegRead)
    i.USBULPIRegWrite                        0x00002b58   Section        0  usb.o(i.USBULPIRegWrite)
    i.__scatterload_copy                     0x00002b78   Section       14  handlers.o(i.__scatterload_copy)
    i.__scatterload_null                     0x00002b86   Section        2  handlers.o(i.__scatterload_null)
    i.__scatterload_zeroinit                 0x00002b88   Section       14  handlers.o(i.__scatterload_zeroinit)
    i.iDMAUSBArbSizeSet                      0x00002b96   Section        0  usbdma.o(i.iDMAUSBArbSizeSet)
    iDMAUSBArbSizeSet                        0x00002b97   Thumb Code     2  usbdma.o(i.iDMAUSBArbSizeSet)
    i.iDMAUSBChannelAllocate                 0x00002b98   Section        0  usbdma.o(i.iDMAUSBChannelAllocate)
    iDMAUSBChannelAllocate                   0x00002b99   Thumb Code   132  usbdma.o(i.iDMAUSBChannelAllocate)
    i.iDMAUSBChannelDisable                  0x00002c1c   Section        0  usbdma.o(i.iDMAUSBChannelDisable)
    iDMAUSBChannelDisable                    0x00002c1d   Thumb Code    52  usbdma.o(i.iDMAUSBChannelDisable)
    i.iDMAUSBChannelEnable                   0x00002c50   Section        0  usbdma.o(i.iDMAUSBChannelEnable)
    iDMAUSBChannelEnable                     0x00002c51   Thumb Code    82  usbdma.o(i.iDMAUSBChannelEnable)
    i.iDMAUSBChannelIntDisable               0x00002ca2   Section        0  usbdma.o(i.iDMAUSBChannelIntDisable)
    iDMAUSBChannelIntDisable                 0x00002ca3   Thumb Code     8  usbdma.o(i.iDMAUSBChannelIntDisable)
    i.iDMAUSBChannelIntEnable                0x00002caa   Section        0  usbdma.o(i.iDMAUSBChannelIntEnable)
    iDMAUSBChannelIntEnable                  0x00002cab   Thumb Code     8  usbdma.o(i.iDMAUSBChannelIntEnable)
    i.iDMAUSBChannelRelease                  0x00002cb2   Section        0  usbdma.o(i.iDMAUSBChannelRelease)
    iDMAUSBChannelRelease                    0x00002cb3   Thumb Code    62  usbdma.o(i.iDMAUSBChannelRelease)
    i.iDMAUSBChannelStatus                   0x00002cf0   Section        0  usbdma.o(i.iDMAUSBChannelStatus)
    iDMAUSBChannelStatus                     0x00002cf1   Thumb Code    56  usbdma.o(i.iDMAUSBChannelStatus)
    i.iDMAUSBIntStatus                       0x00002d28   Section        0  usbdma.o(i.iDMAUSBIntStatus)
    iDMAUSBIntStatus                         0x00002d29   Thumb Code     6  usbdma.o(i.iDMAUSBIntStatus)
    i.iDMAUSBTransfer                        0x00002d2e   Section        0  usbdma.o(i.iDMAUSBTransfer)
    iDMAUSBTransfer                          0x00002d2f   Thumb Code   244  usbdma.o(i.iDMAUSBTransfer)
    i.iDMAUSBUnitSizeSet                     0x00002e22   Section        0  usbdma.o(i.iDMAUSBUnitSizeSet)
    iDMAUSBUnitSizeSet                       0x00002e23   Thumb Code     2  usbdma.o(i.iDMAUSBUnitSizeSet)
    i.main                                   0x00002e24   Section        0  main.o(i.main)
    i.uDMAChannelAttributeDisable            0x00002f74   Section        0  udma.o(i.uDMAChannelAttributeDisable)
    i.uDMAChannelControlSet                  0x00002fbc   Section        0  udma.o(i.uDMAChannelControlSet)
    i.uDMAChannelDisable                     0x00002fdc   Section        0  udma.o(i.uDMAChannelDisable)
    i.uDMAChannelEnable                      0x00002ff0   Section        0  udma.o(i.uDMAChannelEnable)
    i.uDMAChannelModeGet                     0x00003004   Section        0  udma.o(i.uDMAChannelModeGet)
    i.uDMAChannelTransferSet                 0x0000302c   Section        0  udma.o(i.uDMAChannelTransferSet)
    i.uDMAUSBArbSizeSet                      0x000030ac   Section        0  usbdma.o(i.uDMAUSBArbSizeSet)
    uDMAUSBArbSizeSet                        0x000030ad   Thumb Code   104  usbdma.o(i.uDMAUSBArbSizeSet)
    i.uDMAUSBChannelAllocate                 0x00003114   Section        0  usbdma.o(i.uDMAUSBChannelAllocate)
    uDMAUSBChannelAllocate                   0x00003115   Thumb Code   184  usbdma.o(i.uDMAUSBChannelAllocate)
    i.uDMAUSBChannelDisable                  0x000031d4   Section        0  usbdma.o(i.uDMAUSBChannelDisable)
    uDMAUSBChannelDisable                    0x000031d5   Thumb Code    88  usbdma.o(i.uDMAUSBChannelDisable)
    i.uDMAUSBChannelEnable                   0x0000322c   Section        0  usbdma.o(i.uDMAUSBChannelEnable)
    uDMAUSBChannelEnable                     0x0000322d   Thumb Code   106  usbdma.o(i.uDMAUSBChannelEnable)
    i.uDMAUSBChannelIntDisable               0x00003296   Section        0  usbdma.o(i.uDMAUSBChannelIntDisable)
    uDMAUSBChannelIntDisable                 0x00003297   Thumb Code     2  usbdma.o(i.uDMAUSBChannelIntDisable)
    i.uDMAUSBChannelIntEnable                0x00003298   Section        0  usbdma.o(i.uDMAUSBChannelIntEnable)
    uDMAUSBChannelIntEnable                  0x00003299   Thumb Code     2  usbdma.o(i.uDMAUSBChannelIntEnable)
    i.uDMAUSBChannelRelease                  0x0000329a   Section        0  usbdma.o(i.uDMAUSBChannelRelease)
    uDMAUSBChannelRelease                    0x0000329b   Thumb Code    90  usbdma.o(i.uDMAUSBChannelRelease)
    i.uDMAUSBChannelStatus                   0x000032f4   Section        0  usbdma.o(i.uDMAUSBChannelStatus)
    uDMAUSBChannelStatus                     0x000032f5   Thumb Code    38  usbdma.o(i.uDMAUSBChannelStatus)
    i.uDMAUSBIntStatus                       0x0000331a   Section        0  usbdma.o(i.uDMAUSBIntStatus)
    uDMAUSBIntStatus                         0x0000331b   Thumb Code    52  usbdma.o(i.uDMAUSBIntStatus)
    i.uDMAUSBTransfer                        0x0000334e   Section        0  usbdma.o(i.uDMAUSBTransfer)
    uDMAUSBTransfer                          0x0000334f   Thumb Code   200  usbdma.o(i.uDMAUSBTransfer)
    i.uDMAUSBUnitSizeSet                     0x00003416   Section        0  usbdma.o(i.uDMAUSBUnitSizeSet)
    uDMAUSBUnitSizeSet                       0x00003417   Thumb Code    84  usbdma.o(i.uDMAUSBUnitSizeSet)
    .constdata                               0x0000346c   Section        3  main.o(.constdata)
    .constdata                               0x00003470   Section      216  usb_keyb_structs.o(.constdata)
    .constdata                               0x00003548   Section      268  interrupt.o(.constdata)
    g_pui32Priority                          0x00003548   Data          32  interrupt.o(.constdata)
    g_pui32Regs                              0x00003568   Data         156  interrupt.o(.constdata)
    g_pui32EnRegs                            0x00003604   Data          20  interrupt.o(.constdata)
    g_pui32Dii16Regs                         0x00003618   Data          20  interrupt.o(.constdata)
    g_pui32PendRegs                          0x0000362c   Data          20  interrupt.o(.constdata)
    g_pui32UnpendRegs                        0x00003640   Data          20  interrupt.o(.constdata)
    .constdata                               0x00003654   Section        7  usbdhidkeyb.o(.constdata)
    g_pui8HIDInEndpoint                      0x00003654   Data           7  usbdhidkeyb.o(.constdata)
    .constdata                               0x0000365b   Section        7  usbdhidkeyb.o(.constdata)
    g_pui8HIDOutEndpoint                     0x0000365b   Data           7  usbdhidkeyb.o(.constdata)
    .constdata                               0x00003662   Section       63  usbdhidkeyb.o(.constdata)
    g_pui8KeybReportDescriptor               0x00003662   Data          63  usbdhidkeyb.o(.constdata)
    .constdata                               0x000036a4   Section       17  usbdhidkeyb.o(.constdata)
    g_ppsHIDConfigDescriptors                0x000036a4   Data           4  usbdhidkeyb.o(.constdata)
    g_pui8KeybClassDescriptors               0x000036a8   Data           4  usbdhidkeyb.o(.constdata)
    g_sKeybHIDDescriptor                     0x000036ac   Data           9  usbdhidkeyb.o(.constdata)
    .constdata                               0x000036b8   Section        8  usbdhidkeyb.o(.constdata)
    g_sHIDConfigSection                      0x000036b8   Data           8  usbdhidkeyb.o(.constdata)
    .constdata                               0x000036c0   Section        8  usbdhidkeyb.o(.constdata)
    g_sHIDInterfaceSection                   0x000036c0   Data           8  usbdhidkeyb.o(.constdata)
    .constdata                               0x000036c8   Section        8  usbdhidkeyb.o(.constdata)
    g_sHIDInEndpointSection                  0x000036c8   Data           8  usbdhidkeyb.o(.constdata)
    .constdata                               0x000036d0   Section        8  usbdhidkeyb.o(.constdata)
    g_sHIDOutEndpointSection                 0x000036d0   Data           8  usbdhidkeyb.o(.constdata)
    .constdata                               0x000036d8   Section       52  usbdenum.o(.constdata)
    g_psUSBDStdRequests                      0x000036d8   Data          52  usbdenum.o(.constdata)
    .constdata                               0x0000370c   Section       48  usbdhid.o(.constdata)
    .data                                    0x20000000   Section        1  main.o(.data)
    .data                                    0x20000004   Section      164  usb_keyb_structs.o(.data)
    .data                                    0x200000a8   Section        2  buttons.o(.data)
    .data                                    0x200000aa   Section        9  usbdhidkeyb.o(.data)
    g_pui8KeybDescriptor                     0x200000aa   Data           9  usbdhidkeyb.o(.data)
    .data                                    0x200000b3   Section        9  usbdhidkeyb.o(.data)
    g_pui8HIDInterface                       0x200000b3   Data           9  usbdhidkeyb.o(.data)
    .data                                    0x200000bc   Section        8  usbdhidkeyb.o(.data)
    g_sHIDDescriptorSection                  0x200000bc   Data           8  usbdhidkeyb.o(.data)
    .data                                    0x200000c4   Section       20  usbdhidkeyb.o(.data)
    g_psHIDSections                          0x200000c4   Data          20  usbdhidkeyb.o(.data)
    .data                                    0x200000d8   Section        8  usbdhidkeyb.o(.data)
    g_sHIDConfigHeader                       0x200000d8   Data           8  usbdhidkeyb.o(.data)
    .data                                    0x200000e0   Section       16  usbmode.o(.data)
    g_iDualMode                              0x200000e1   Data           1  usbmode.o(.data)
    g_pfnUSBModeCallback                     0x200000ec   Data           4  usbmode.o(.data)
    .data                                    0x200000f0   Section       16  usbdenum.o(.data)
    g_ui32PLLDiv                             0x200000f0   Data           4  usbdenum.o(.data)
    ui32SOFDivide                            0x200000f4   Data           4  usbdenum.o(.data)
    g_ui32ULPISupport                        0x200000f8   Data           4  usbdenum.o(.data)
    .data                                    0x20000100   Section       18  usbdhid.o(.data)
    .data                                    0x20000114   Section        8  usbtick.o(.data)
    .data                                    0x2000011c   Section        4  usbtick.o(.data)
    .bss                                     0x20000120   Section      144  usbdenum.o(.bss)
    g_pui8DataBufferIn                       0x20000120   Data          64  usbdenum.o(.bss)
    .bss                                     0x200001b0   Section       48  usbtick.o(.bss)
    .bss                                     0x200001e0   Section      272  usbdma.o(.bss)
    g_psUSBDMAInst                           0x200001e0   Data         272  usbdma.o(.bss)
    STACK                                    0x200002f0   Section     1024  startup_rvmdk.o(STACK)
    StackMem                                 0x200002f0   Data           0  startup_rvmdk.o(STACK)

    Global Symbols

    Symbol Name                              Value     Ov Type        Size  Object(Section)

    BuildAttributes$$THM_ISAv4$E$P$D$K$B$S$7EM$VFPi3$EXTD16$VFPS$VFMA$PE$A:L22UL41UL21$X:L11$S22US41US21$IEEE1$IW$USESV6$~STKCKD$USESV7$~SHL$OTIME$EBA8$MICROLIB$REQ8$PRES8$EABIv2 0x00000000   Number         0  anon$$obj.o ABSOLUTE
    __ARM_use_no_argv                        0x00000000   Number         0  main.o ABSOLUTE
    __Vectors                                0x00000000   Data           0  startup_rvmdk.o(RESET)
    __cpp_initialize__aeabi_                  - Undefined Weak Reference
    __cxa_finalize                            - Undefined Weak Reference
    __decompress                              - Undefined Weak Reference
    _clock_init                               - Undefined Weak Reference
    _microlib_exit                            - Undefined Weak Reference
    Reset_Handler                            0x0000026d   Thumb Code     0  startup_rvmdk.o(RESET)
    __main                                   0x00000289   Thumb Code     0  entry.o(.ARM.Collect$$$$00000000)
    _main_stk                                0x00000289   Thumb Code     0  entry2.o(.ARM.Collect$$$$00000001)
    _main_scatterload                        0x0000028d   Thumb Code     0  entry5.o(.ARM.Collect$$$$00000004)
    __main_after_scatterload                 0x00000291   Thumb Code     0  entry5.o(.ARM.Collect$$$$00000004)
    _main_clock                              0x00000291   Thumb Code     0  entry7b.o(.ARM.Collect$$$$00000008)
    _main_cpp_init                           0x00000291   Thumb Code     0  entry8b.o(.ARM.Collect$$$$0000000A)
    _main_init                               0x00000291   Thumb Code     0  entry9a.o(.ARM.Collect$$$$0000000B)
    __rt_final_cpp                           0x00000299   Thumb Code     0  entry10a.o(.ARM.Collect$$$$0000000D)
    __rt_final_exit                          0x00000299   Thumb Code     0  entry11a.o(.ARM.Collect$$$$0000000F)
    CPUcpsid                                 0x0000029d   Thumb Code     8  cpu.o(.emb_text)
    CPUprimask                               0x000002a5   Thumb Code     6  cpu.o(.emb_text)
    CPUcpsie                                 0x000002ab   Thumb Code     8  cpu.o(.emb_text)
    CPUwfi                                   0x000002b3   Thumb Code     4  cpu.o(.emb_text)
    CPUbasepriSet                            0x000002b7   Thumb Code     6  cpu.o(.emb_text)
    CPUbasepriGet                            0x000002bd   Thumb Code     6  cpu.o(.emb_text)
    __scatterload                            0x000002c5   Thumb Code    28  init.o(.text)
    __scatterload_rt2                        0x000002c5   Thumb Code     0  init.o(.text)
    Buttons_Debounce                         0x000002e9   Thumb Code    50  buttons.o(i.Buttons_Debounce)
    Buttons_Init                             0x00000321   Thumb Code   104  buttons.o(i.Buttons_Init)
    Buttons_Poll                             0x00000399   Thumb Code    78  buttons.o(i.Buttons_Poll)
    IntDisable                               0x00000a61   Thumb Code    92  interrupt.o(i.IntDisable)
    IntEnable                                0x00000ac5   Thumb Code    92  interrupt.o(i.IntEnable)
    IntIsEnabled                             0x00000b29   Thumb Code    88  interrupt.o(i.IntIsEnabled)
    IntMasterEnable                          0x00000b89   Thumb Code    14  interrupt.o(i.IntMasterEnable)
    InternalUSBRegisterTickHandler           0x00000b99   Thumb Code    44  usbtick.o(i.InternalUSBRegisterTickHandler)
    InternalUSBStartOfFrameTick              0x00000bcd   Thumb Code    46  usbtick.o(i.InternalUSBStartOfFrameTick)
    InternalUSBTickInit                      0x00000c05   Thumb Code    46  usbtick.o(i.InternalUSBTickInit)
    KeyboardHandler                          0x00000c3d   Thumb Code    36  main.o(i.KeyboardHandler)
    SysCtlPeripheralEnable                   0x00000d15   Thumb Code    36  sysctl.o(i.SysCtlPeripheralEnable)
    SysCtlPeripheralReady                    0x00000d3d   Thumb Code    40  sysctl.o(i.SysCtlPeripheralReady)
    SysCtlPeripheralReset                    0x00000d69   Thumb Code    56  sysctl.o(i.SysCtlPeripheralReset)
    SysCtlUSBPLLEnable                       0x00000da5   Thumb Code    12  sysctl.o(i.SysCtlUSBPLLEnable)
    Timer0_Init                              0x00000db5   Thumb Code    48  timer.o(i.Timer0_Init)
    Timer1AIntHandler                        0x00000df1   Thumb Code    26  buttons.o(i.Timer1AIntHandler)
    Timer1_Init                              0x00000e19   Thumb Code    66  timer.o(i.Timer1_Init)
    TimerClockSourceSet                      0x00000e69   Thumb Code     6  timer.o(i.TimerClockSourceSet)
    TimerConfigure                           0x00000e71   Thumb Code    88  timer.o(i.TimerConfigure)
    TimerEnable                              0x00000ed1   Thumb Code    14  timer.o(i.TimerEnable)
    TimerIntEnable                           0x00000edf   Thumb Code     8  timer.o(i.TimerIntEnable)
    TimerLoadSet                             0x00000ee7   Thumb Code    18  timer.o(i.TimerLoadSet)
    ULPIConfigSet                            0x00000ef9   Thumb Code    90  usbulpi.o(i.ULPIConfigSet)
    USB0DeviceIntHandler                     0x00000f55   Thumb Code    20  usbdhandler.o(i.USB0DeviceIntHandler)
    USBClockEnable                           0x00000f6d   Thumb Code    10  usb.o(i.USBClockEnable)
    USBControllerVersion                     0x00000f77   Thumb Code    10  usb.o(i.USBControllerVersion)
    USBDCDConfigDescGet                      0x00000f81   Thumb Code    86  usbdcdesc.o(i.USBDCDConfigDescGet)
    USBDCDConfigDescGetNum                   0x00000fd7   Thumb Code    54  usbdcdesc.o(i.USBDCDConfigDescGetNum)
    USBDCDConfigDescGetSize                  0x0000100d   Thumb Code    34  usbdcdesc.o(i.USBDCDConfigDescGetSize)
    USBDCDConfigGetInterface                 0x0000102f   Thumb Code   188  usbdcdesc.o(i.USBDCDConfigGetInterface)
    USBDCDConfigGetInterfaceEndpoint         0x000010eb   Thumb Code    94  usbdcdesc.o(i.USBDCDConfigGetInterfaceEndpoint)
    USBDCDDeviceInfoInit                     0x00001149   Thumb Code    54  usbdenum.o(i.USBDCDDeviceInfoInit)
    USBDCDInit                               0x0000118d   Thumb Code   392  usbdenum.o(i.USBDCDInit)
    USBDCDRequestDataEP0                     0x00001335   Thumb Code    14  usbdenum.o(i.USBDCDRequestDataEP0)
    USBDCDSendDataEP0                        0x00001349   Thumb Code    14  usbdenum.o(i.USBDCDSendDataEP0)
    USBDCDStallEP0                           0x0000135d   Thumb Code    20  usbdenum.o(i.USBDCDStallEP0)
    USBDHIDCompositeInit                     0x00001889   Thumb Code   236  usbdhid.o(i.USBDHIDCompositeInit)
    USBDHIDInit                              0x00001985   Thumb Code    38  usbdhid.o(i.USBDHIDInit)
    USBDHIDKeyboardCompositeInit             0x000019ad   Thumb Code   146  usbdhidkeyb.o(i.USBDHIDKeyboardCompositeInit)
    USBDHIDKeyboardInit                      0x00001a51   Thumb Code    50  usbdhidkeyb.o(i.USBDHIDKeyboardInit)
    USBDHIDKeyboardKeyStateChange            0x00001a89   Thumb Code   238  usbdhidkeyb.o(i.USBDHIDKeyboardKeyStateChange)
    USBDHIDReportWrite                       0x00001b77   Thumb Code   162  usbdhid.o(i.USBDHIDReportWrite)
    USBDHIDTxPacketAvailable                 0x00001c19   Thumb Code    14  usbdhid.o(i.USBDHIDTxPacketAvailable)
    USBDMAChannelAddressSet                  0x00001c27   Thumb Code    10  usb.o(i.USBDMAChannelAddressSet)
    USBDMAChannelConfigSet                   0x00001c31   Thumb Code    22  usb.o(i.USBDMAChannelConfigSet)
    USBDMAChannelCountSet                    0x00001c47   Thumb Code    10  usb.o(i.USBDMAChannelCountSet)
    USBDMAChannelDisable                     0x00001c51   Thumb Code    18  usb.o(i.USBDMAChannelDisable)
    USBDMAChannelEnable                      0x00001c63   Thumb Code    18  usb.o(i.USBDMAChannelEnable)
    USBDMAChannelIntDisable                  0x00001c75   Thumb Code    18  usb.o(i.USBDMAChannelIntDisable)
    USBDMAChannelIntEnable                   0x00001c87   Thumb Code    18  usb.o(i.USBDMAChannelIntEnable)
    USBDMAChannelIntStatus                   0x00001c99   Thumb Code     6  usb.o(i.USBDMAChannelIntStatus)
    USBDMAChannelStatus                      0x00001c9f   Thumb Code    14  usb.o(i.USBDMAChannelStatus)
    USBDescGet                               0x00001f81   Thumb Code    54  usbdesc.o(i.USBDescGet)
    USBDescGetNum                            0x00001fb7   Thumb Code    46  usbdesc.o(i.USBDescGetNum)
    USBDevAddrSet                            0x00001fe5   Thumb Code     4  usb.o(i.USBDevAddrSet)
    USBDevConnect                            0x00001fe9   Thumb Code    10  usb.o(i.USBDevConnect)
    USBDevDisconnect                         0x00001ff3   Thumb Code    10  usb.o(i.USBDevDisconnect)
    USBDevEndpointConfigSet                  0x00001ffd   Thumb Code   136  usb.o(i.USBDevEndpointConfigSet)
    USBDevEndpointDataAck                    0x00002085   Thumb Code    36  usb.o(i.USBDevEndpointDataAck)
    USBDevEndpointStall                      0x000020a9   Thumb Code    52  usb.o(i.USBDevEndpointStall)
    USBDevEndpointStallClear                 0x000020dd   Thumb Code    74  usb.o(i.USBDevEndpointStallClear)
    USBDevEndpointStatusClear                0x00002127   Thumb Code    94  usb.o(i.USBDevEndpointStatusClear)
    USBDevLPMConfig                          0x00002185   Thumb Code     6  usb.o(i.USBDevLPMConfig)
    USBDevLPMDisable                         0x0000218b   Thumb Code    14  usb.o(i.USBDevLPMDisable)
    USBDevLPMEnable                          0x00002199   Thumb Code    14  usb.o(i.USBDevLPMEnable)
    USBDevMode                               0x000021a7   Thumb Code     8  usb.o(i.USBDevMode)
    USBDeviceConfig                          0x000021b1   Thumb Code   410  usbdconfig.o(i.USBDeviceConfig)
    USBDeviceConfigAlternate                 0x00002351   Thumb Code   194  usbdconfig.o(i.USBDeviceConfigAlternate)
    USBDeviceEnumHandler                     0x00002419   Thumb Code   224  usbdenum.o(i.USBDeviceEnumHandler)
    USBDeviceIntHandlerInternal              0x00002505   Thumb Code   388  usbdenum.o(i.USBDeviceIntHandlerInternal)
    USBDeviceResumeTickHandler               0x0000269d   Thumb Code    76  usbdenum.o(i.USBDeviceResumeTickHandler)
    USBEndpointDMAChannel                    0x000026f5   Thumb Code    26  usb.o(i.USBEndpointDMAChannel)
    USBEndpointDMAConfigSet                  0x0000270f   Thumb Code    86  usb.o(i.USBEndpointDMAConfigSet)
    USBEndpointDMADisable                    0x00002765   Thumb Code    36  usb.o(i.USBEndpointDMADisable)
    USBEndpointDMAEnable                     0x00002789   Thumb Code    36  usb.o(i.USBEndpointDMAEnable)
    USBEndpointDataAvail                     0x000027ad   Thumb Code    30  usb.o(i.USBEndpointDataAvail)
    USBEndpointDataGet                       0x000027cb   Thumb Code    84  usb.o(i.USBEndpointDataGet)
    USBEndpointDataPut                       0x0000281f   Thumb Code    58  usb.o(i.USBEndpointDataPut)
    USBEndpointDataSend                      0x00002859   Thumb Code    48  usb.o(i.USBEndpointDataSend)
    USBEndpointPacketCountSet                0x00002889   Thumb Code    12  usb.o(i.USBEndpointPacketCountSet)
    USBEndpointStatus                        0x00002895   Thumb Code    16  usb.o(i.USBEndpointStatus)
    USBFIFOAddrGet                           0x000028a5   Thumb Code     8  usb.o(i.USBFIFOAddrGet)
    USBFIFOConfigSet                         0x000028ad   Thumb Code    64  usb.o(i.USBFIFOConfigSet)
    USBHostResume                            0x000028ed   Thumb Code    18  usb.o(i.USBHostResume)
    USBIntEnableControl                      0x00002901   Thumb Code    38  usb.o(i.USBIntEnableControl)
    USBIntEnableEndpoint                     0x0000292d   Thumb Code    22  usb.o(i.USBIntEnableEndpoint)
    USBIntStatusControl                      0x00002945   Thumb Code    56  usb.o(i.USBIntStatusControl)
    USBIntStatusEndpoint                     0x00002981   Thumb Code    10  usb.o(i.USBIntStatusEndpoint)
    USBLPMIntEnable                          0x0000298b   Thumb Code    12  usb.o(i.USBLPMIntEnable)
    USBLPMIntStatus                          0x00002997   Thumb Code     6  usb.o(i.USBLPMIntStatus)
    USBLibDMAInit                            0x0000299d   Thumb Code   232  usbdma.o(i.USBLibDMAInit)
    USBOTGMode                               0x00002af9   Thumb Code     8  usb.o(i.USBOTGMode)
    USBStackModeSet                          0x00002b01   Thumb Code    24  usbmode.o(i.USBStackModeSet)
    USBULPIDisable                           0x00002b1d   Thumb Code    14  usb.o(i.USBULPIDisable)
    USBULPIEnable                            0x00002b2b   Thumb Code    14  usb.o(i.USBULPIEnable)
    USBULPIRegRead                           0x00002b39   Thumb Code    32  usb.o(i.USBULPIRegRead)
    USBULPIRegWrite                          0x00002b59   Thumb Code    32  usb.o(i.USBULPIRegWrite)
    __scatterload_copy                       0x00002b79   Thumb Code    14  handlers.o(i.__scatterload_copy)
    __scatterload_null                       0x00002b87   Thumb Code     2  handlers.o(i.__scatterload_null)
    __scatterload_zeroinit                   0x00002b89   Thumb Code    14  handlers.o(i.__scatterload_zeroinit)
    main                                     0x00002e25   Thumb Code   298  main.o(i.main)
    uDMAChannelAttributeDisable              0x00002f75   Thumb Code    66  udma.o(i.uDMAChannelAttributeDisable)
    uDMAChannelControlSet                    0x00002fbd   Thumb Code    24  udma.o(i.uDMAChannelControlSet)
    uDMAChannelDisable                       0x00002fdd   Thumb Code    16  udma.o(i.uDMAChannelDisable)
    uDMAChannelEnable                        0x00002ff1   Thumb Code    16  udma.o(i.uDMAChannelEnable)
    uDMAChannelModeGet                       0x00003005   Thumb Code    34  udma.o(i.uDMAChannelModeGet)
    uDMAChannelTransferSet                   0x0000302d   Thumb Code   124  udma.o(i.uDMAChannelTransferSet)
    g_pui8LangDescriptor                     0x00003470   Data           4  usb_keyb_structs.o(.constdata)
    g_pui8ManufacturerString                 0x00003474   Data          36  usb_keyb_structs.o(.constdata)
    g_pui8ProductString                      0x00003498   Data          34  usb_keyb_structs.o(.constdata)
    g_pui8SeriailNumberString                0x000034ba   Data          18  usb_keyb_structs.o(.constdata)
    g_pui8HIDInterfaceString                 0x000034cc   Data          46  usb_keyb_structs.o(.constdata)
    g_pui8ConfigString                       0x000034fa   Data          54  usb_keyb_structs.o(.constdata)
    g_ppui8StringDescriptors                 0x00003530   Data          24  usb_keyb_structs.o(.constdata)
    g_sHIDHandlers                           0x0000370c   Data          48  usbdhid.o(.constdata)
    Region$$Table$$Base                      0x0000373c   Number         0  anon$$obj.o(Region$$Table)
    Region$$Table$$Limit                     0x0000375c   Number         0  anon$$obj.o(Region$$Table)
    device_Connected                         0x20000000   Data           1  main.o(.data)
    g_sKeyboardDevice                        0x20000004   Data         164  usb_keyb_structs.o(.data)
    Buttons_pressTimeElapsed                 0x200000a8   Data           1  buttons.o(.data)
    Timer_counting                           0x200000a9   Data           1  buttons.o(.data)
    g_iUSBMode                               0x200000e0   Data           1  usbmode.o(.data)
    g_eOTGModeState                          0x200000e2   Data           1  usbmode.o(.data)
    g_ui32WaitTicks                          0x200000e4   Data           4  usbmode.o(.data)
    g_ui32PollRate                           0x200000e8   Data           4  usbmode.o(.data)
    g_ppsDevInfo                             0x200000fc   Data           4  usbdenum.o(.data)
    g_pui8HIDDeviceDescriptor                0x20000100   Data          18  usbdhid.o(.data)
    g_bUSBTimerInitialized                   0x20000114   Data           1  usbtick.o(.data)
    g_ui32CurrentUSBTick                     0x20000118   Data           4  usbtick.o(.data)
    g_ui32USBSOFCount                        0x2000011c   Data           4  usbtick.o(.data)
    g_psDCDInst                              0x20000160   Data          80  usbdenum.o(.bss)
    g_pfnTickHandlers                        0x200001b0   Data          24  usbtick.o(.bss)
    g_pvTickInstance                         0x200001c8   Data          24  usbtick.o(.bss)
    __initial_sp                             0x200006f0   Data           0  startup_rvmdk.o(STACK)



==============================================================================

Memory Map of the image

  Image Entry point : 0x0000026d

  Load Region LR_1 (Base: 0x00000000, Size: 0x0000387c, Max: 0xffffffff, ABSOLUTE)

    Execution Region ER_RO (Exec base: 0x00000000, Load base: 0x00000000, Size: 0x0000375c, Max: 0xffffffff, ABSOLUTE)

    Exec Addr    Load Addr    Size         Type   Attr      Idx    E Section Name        Object

    0x00000000   0x00000000   0x00000288   Code   RO          104  * RESET               startup_rvmdk.o
    0x00000288   0x00000288   0x00000000   Code   RO         2967  * .ARM.Collect$$$$00000000  mc_w.l(entry.o)
    0x00000288   0x00000288   0x00000004   Code   RO         2970    .ARM.Collect$$$$00000001  mc_w.l(entry2.o)
    0x0000028c   0x0000028c   0x00000004   Code   RO         2973    .ARM.Collect$$$$00000004  mc_w.l(entry5.o)
    0x00000290   0x00000290   0x00000000   Code   RO         2975    .ARM.Collect$$$$00000008  mc_w.l(entry7b.o)
    0x00000290   0x00000290   0x00000000   Code   RO         2977    .ARM.Collect$$$$0000000A  mc_w.l(entry8b.o)
    0x00000290   0x00000290   0x00000008   Code   RO         2978    .ARM.Collect$$$$0000000B  mc_w.l(entry9a.o)
    0x00000298   0x00000298   0x00000000   Code   RO         2980    .ARM.Collect$$$$0000000D  mc_w.l(entry10a.o)
    0x00000298   0x00000298   0x00000000   Code   RO         2982    .ARM.Collect$$$$0000000F  mc_w.l(entry11a.o)
    0x00000298   0x00000298   0x00000004   Code   RO         2971    .ARM.Collect$$$$00002712  mc_w.l(entry2.o)
    0x0000029c   0x0000029c   0x00000026   Code   RO         1152    .emb_text           driverlib.lib(cpu.o)
    0x000002c2   0x000002c2   0x00000002   PAD
    0x000002c4   0x000002c4   0x00000024   Code   RO         2984    .text               mc_w.l(init.o)
    0x000002e8   0x000002e8   0x00000038   Code   RO          128    i.Buttons_Debounce  buttons.o
    0x00000320   0x00000320   0x00000078   Code   RO          129    i.Buttons_Init      buttons.o
    0x00000398   0x00000398   0x00000058   Code   RO          130    i.Buttons_Poll      buttons.o
    0x000003f0   0x000003f0   0x00000040   Code   RO         2540    i.DMAUSBIntHandler  usblib.lib(usbdma.o)
    0x00000430   0x00000430   0x0000000e   Code   RO         2541    i.DMAUSBIntStatusClear  usblib.lib(usbdma.o)
    0x0000043e   0x0000043e   0x00000004   Code   RO         2542    i.DMAUSBStatus      usblib.lib(usbdma.o)
    0x00000442   0x00000442   0x000000b8   Code   RO          962    i.HIDKeyboardRxHandler  usblib.lib(usbdhidkeyb.o)
    0x000004fa   0x000004fa   0x0000003e   Code   RO          963    i.HIDKeyboardTxHandler  usblib.lib(usbdhidkeyb.o)
    0x00000538   0x00000538   0x00000040   Code   RO         1966    i.HIDTickHandler    usblib.lib(usbdhid.o)
    0x00000578   0x00000578   0x0000004e   Code   RO         1967    i.HandleConfigChange  usblib.lib(usbdhid.o)
    0x000005c6   0x000005c6   0x00000080   Code   RO         1968    i.HandleDevice      usblib.lib(usbdhid.o)
    0x00000646   0x00000646   0x0000001e   Code   RO         1969    i.HandleDisconnect  usblib.lib(usbdhid.o)
    0x00000664   0x00000664   0x0000002c   Code   RO         1970    i.HandleEP0DataReceived  usblib.lib(usbdhid.o)
    0x00000690   0x00000690   0x00000020   Code   RO         1971    i.HandleEP0DataSent  usblib.lib(usbdhid.o)
    0x000006b0   0x000006b0   0x00000124   Code   RO         1972    i.HandleEndpoints   usblib.lib(usbdhid.o)
    0x000007d4   0x000007d4   0x000000b8   Code   RO         1973    i.HandleGetDescriptor  usblib.lib(usbdhid.o)
    0x0000088c   0x0000088c   0x0000019e   Code   RO         1974    i.HandleRequest     usblib.lib(usbdhid.o)
    0x00000a2a   0x00000a2a   0x0000001e   Code   RO         1975    i.HandleReset       usblib.lib(usbdhid.o)
    0x00000a48   0x00000a48   0x0000000c   Code   RO         1976    i.HandleResume      usblib.lib(usbdhid.o)
    0x00000a54   0x00000a54   0x0000000c   Code   RO         1977    i.HandleSuspend     usblib.lib(usbdhid.o)
    0x00000a60   0x00000a60   0x00000064   Code   RO          191    i.IntDisable        driverlib.lib(interrupt.o)
    0x00000ac4   0x00000ac4   0x00000064   Code   RO          192    i.IntEnable         driverlib.lib(interrupt.o)
    0x00000b28   0x00000b28   0x00000060   Code   RO          193    i.IntIsEnabled      driverlib.lib(interrupt.o)
    0x00000b88   0x00000b88   0x0000000e   Code   RO          195    i.IntMasterEnable   driverlib.lib(interrupt.o)
    0x00000b96   0x00000b96   0x00000002   PAD
    0x00000b98   0x00000b98   0x00000034   Code   RO         2400    i.InternalUSBRegisterTickHandler  usblib.lib(usbtick.o)
    0x00000bcc   0x00000bcc   0x00000038   Code   RO         2401    i.InternalUSBStartOfFrameTick  usblib.lib(usbtick.o)
    0x00000c04   0x00000c04   0x00000038   Code   RO         2402    i.InternalUSBTickInit  usblib.lib(usbtick.o)
    0x00000c3c   0x00000c3c   0x00000028   Code   RO            1    i.KeyboardHandler   main.o
    0x00000c64   0x00000c64   0x000000b0   Code   RO         1978    i.ProcessIdleTimers  usblib.lib(usbdhid.o)
    0x00000d14   0x00000d14   0x00000028   Code   RO          359    i.SysCtlPeripheralEnable  driverlib.lib(sysctl.o)
    0x00000d3c   0x00000d3c   0x0000002c   Code   RO          363    i.SysCtlPeripheralReady  driverlib.lib(sysctl.o)
    0x00000d68   0x00000d68   0x0000003c   Code   RO          364    i.SysCtlPeripheralReset  driverlib.lib(sysctl.o)
    0x00000da4   0x00000da4   0x00000010   Code   RO          376    i.SysCtlUSBPLLEnable  driverlib.lib(sysctl.o)
    0x00000db4   0x00000db4   0x0000003c   Code   RO          167    i.Timer0_Init       timer.o
    0x00000df0   0x00000df0   0x00000028   Code   RO          131    i.Timer1AIntHandler  buttons.o
    0x00000e18   0x00000e18   0x00000050   Code   RO          168    i.Timer1_Init       timer.o
    0x00000e68   0x00000e68   0x00000006   Code   RO          679    i.TimerClockSourceSet  driverlib.lib(timer.o)
    0x00000e6e   0x00000e6e   0x00000002   PAD
    0x00000e70   0x00000e70   0x00000060   Code   RO          680    i.TimerConfigure    driverlib.lib(timer.o)
    0x00000ed0   0x00000ed0   0x0000000e   Code   RO          689    i.TimerEnable       driverlib.lib(timer.o)
    0x00000ede   0x00000ede   0x00000008   Code   RO          692    i.TimerIntEnable    driverlib.lib(timer.o)
    0x00000ee6   0x00000ee6   0x00000012   Code   RO          698    i.TimerLoadSet      driverlib.lib(timer.o)
    0x00000ef8   0x00000ef8   0x0000005a   Code   RO         2781    i.ULPIConfigSet     usblib.lib(usbulpi.o)
    0x00000f52   0x00000f52   0x00000002   PAD
    0x00000f54   0x00000f54   0x00000018   Code   RO          921    i.USB0DeviceIntHandler  usblib.lib(usbdhandler.o)
    0x00000f6c   0x00000f6c   0x0000000a   Code   RO         1163    i.USBClockEnable    driverlib.lib(usb.o)
    0x00000f76   0x00000f76   0x0000000a   Code   RO         1164    i.USBControllerVersion  driverlib.lib(usb.o)
    0x00000f80   0x00000f80   0x00000056   Code   RO         2441    i.USBDCDConfigDescGet  usblib.lib(usbdcdesc.o)
    0x00000fd6   0x00000fd6   0x00000036   Code   RO         2442    i.USBDCDConfigDescGetNum  usblib.lib(usbdcdesc.o)
    0x0000100c   0x0000100c   0x00000022   Code   RO         2443    i.USBDCDConfigDescGetSize  usblib.lib(usbdcdesc.o)
    0x0000102e   0x0000102e   0x000000bc   Code   RO         2444    i.USBDCDConfigGetInterface  usblib.lib(usbdcdesc.o)
    0x000010ea   0x000010ea   0x0000005e   Code   RO         2445    i.USBDCDConfigGetInterfaceEndpoint  usblib.lib(usbdcdesc.o)
    0x00001148   0x00001148   0x00000044   Code   RO         1783    i.USBDCDDeviceInfoInit  usblib.lib(usbdenum.o)
    0x0000118c   0x0000118c   0x000001a8   Code   RO         1786    i.USBDCDInit        usblib.lib(usbdenum.o)
    0x00001334   0x00001334   0x00000014   Code   RO         1790    i.USBDCDRequestDataEP0  usblib.lib(usbdenum.o)
    0x00001348   0x00001348   0x00000014   Code   RO         1791    i.USBDCDSendDataEP0  usblib.lib(usbdenum.o)
    0x0000135c   0x0000135c   0x0000001c   Code   RO         1793    i.USBDCDStallEP0    usblib.lib(usbdenum.o)
    0x00001378   0x00001378   0x000000a4   Code   RO         1795    i.USBDClearFeature  usblib.lib(usbdenum.o)
    0x0000141c   0x0000141c   0x00000074   Code   RO         1796    i.USBDEP0StateTx    usblib.lib(usbdenum.o)
    0x00001490   0x00001490   0x00000174   Code   RO         1797    i.USBDEP0StateTxConfig  usblib.lib(usbdenum.o)
    0x00001604   0x00001604   0x00000034   Code   RO         1798    i.USBDGetConfiguration  usblib.lib(usbdenum.o)
    0x00001638   0x00001638   0x00000170   Code   RO         1799    i.USBDGetDescriptor  usblib.lib(usbdenum.o)
    0x000017a8   0x000017a8   0x0000005c   Code   RO         1800    i.USBDGetInterface  usblib.lib(usbdenum.o)
    0x00001804   0x00001804   0x00000084   Code   RO         1801    i.USBDGetStatus     usblib.lib(usbdenum.o)
    0x00001888   0x00001888   0x000000fc   Code   RO         1979    i.USBDHIDCompositeInit  usblib.lib(usbdhid.o)
    0x00001984   0x00001984   0x00000026   Code   RO         1980    i.USBDHIDInit       usblib.lib(usbdhid.o)
    0x000019aa   0x000019aa   0x00000002   PAD
    0x000019ac   0x000019ac   0x000000a4   Code   RO          964    i.USBDHIDKeyboardCompositeInit  usblib.lib(usbdhidkeyb.o)
    0x00001a50   0x00001a50   0x00000038   Code   RO          965    i.USBDHIDKeyboardInit  usblib.lib(usbdhidkeyb.o)
    0x00001a88   0x00001a88   0x000000ee   Code   RO          966    i.USBDHIDKeyboardKeyStateChange  usblib.lib(usbdhidkeyb.o)
    0x00001b76   0x00001b76   0x000000a2   Code   RO         1984    i.USBDHIDReportWrite  usblib.lib(usbdhid.o)
    0x00001c18   0x00001c18   0x0000000e   Code   RO         1989    i.USBDHIDTxPacketAvailable  usblib.lib(usbdhid.o)
    0x00001c26   0x00001c26   0x0000000a   Code   RO         1166    i.USBDMAChannelAddressSet  driverlib.lib(usb.o)
    0x00001c30   0x00001c30   0x00000016   Code   RO         1167    i.USBDMAChannelConfigSet  driverlib.lib(usb.o)
    0x00001c46   0x00001c46   0x0000000a   Code   RO         1169    i.USBDMAChannelCountSet  driverlib.lib(usb.o)
    0x00001c50   0x00001c50   0x00000012   Code   RO         1170    i.USBDMAChannelDisable  driverlib.lib(usb.o)
    0x00001c62   0x00001c62   0x00000012   Code   RO         1171    i.USBDMAChannelEnable  driverlib.lib(usb.o)
    0x00001c74   0x00001c74   0x00000012   Code   RO         1172    i.USBDMAChannelIntDisable  driverlib.lib(usb.o)
    0x00001c86   0x00001c86   0x00000012   Code   RO         1173    i.USBDMAChannelIntEnable  driverlib.lib(usb.o)
    0x00001c98   0x00001c98   0x00000006   Code   RO         1174    i.USBDMAChannelIntStatus  driverlib.lib(usb.o)
    0x00001c9e   0x00001c9e   0x0000000e   Code   RO         1175    i.USBDMAChannelStatus  driverlib.lib(usb.o)
    0x00001cac   0x00001cac   0x0000007c   Code   RO         1802    i.USBDReadAndDispatchRequest  usblib.lib(usbdenum.o)
    0x00001d28   0x00001d28   0x00000024   Code   RO         1803    i.USBDSetAddress    usblib.lib(usbdenum.o)
    0x00001d4c   0x00001d4c   0x000000a4   Code   RO         1804    i.USBDSetConfiguration  usblib.lib(usbdenum.o)
    0x00001df0   0x00001df0   0x00000028   Code   RO         1805    i.USBDSetDescriptor  usblib.lib(usbdenum.o)
    0x00001e18   0x00001e18   0x00000084   Code   RO         1806    i.USBDSetFeature    usblib.lib(usbdenum.o)
    0x00001e9c   0x00001e9c   0x000000bc   Code   RO         1807    i.USBDSetInterface  usblib.lib(usbdenum.o)
    0x00001f58   0x00001f58   0x00000028   Code   RO         1808    i.USBDSyncFrame     usblib.lib(usbdenum.o)
    0x00001f80   0x00001f80   0x00000036   Code   RO         2501    i.USBDescGet        usblib.lib(usbdesc.o)
    0x00001fb6   0x00001fb6   0x0000002e   Code   RO         2504    i.USBDescGetNum     usblib.lib(usbdesc.o)
    0x00001fe4   0x00001fe4   0x00000004   Code   RO         1179    i.USBDevAddrSet     driverlib.lib(usb.o)
    0x00001fe8   0x00001fe8   0x0000000a   Code   RO         1180    i.USBDevConnect     driverlib.lib(usb.o)
    0x00001ff2   0x00001ff2   0x0000000a   Code   RO         1181    i.USBDevDisconnect  driverlib.lib(usb.o)
    0x00001ffc   0x00001ffc   0x00000088   Code   RO         1183    i.USBDevEndpointConfigSet  driverlib.lib(usb.o)
    0x00002084   0x00002084   0x00000024   Code   RO         1184    i.USBDevEndpointDataAck  driverlib.lib(usb.o)
    0x000020a8   0x000020a8   0x00000034   Code   RO         1185    i.USBDevEndpointStall  driverlib.lib(usb.o)
    0x000020dc   0x000020dc   0x0000004a   Code   RO         1186    i.USBDevEndpointStallClear  driverlib.lib(usb.o)
    0x00002126   0x00002126   0x0000005e   Code   RO         1187    i.USBDevEndpointStatusClear  driverlib.lib(usb.o)
    0x00002184   0x00002184   0x00000006   Code   RO         1188    i.USBDevLPMConfig   driverlib.lib(usb.o)
    0x0000218a   0x0000218a   0x0000000e   Code   RO         1189    i.USBDevLPMDisable  driverlib.lib(usb.o)
    0x00002198   0x00002198   0x0000000e   Code   RO         1190    i.USBDevLPMEnable   driverlib.lib(usb.o)
    0x000021a6   0x000021a6   0x00000008   Code   RO         1192    i.USBDevMode        driverlib.lib(usb.o)
    0x000021ae   0x000021ae   0x00000002   PAD
    0x000021b0   0x000021b0   0x000001a0   Code   RO         2483    i.USBDeviceConfig   usblib.lib(usbdconfig.o)
    0x00002350   0x00002350   0x000000c8   Code   RO         2484    i.USBDeviceConfigAlternate  usblib.lib(usbdconfig.o)
    0x00002418   0x00002418   0x000000ec   Code   RO         1809    i.USBDeviceEnumHandler  usblib.lib(usbdenum.o)
    0x00002504   0x00002504   0x00000198   Code   RO         1811    i.USBDeviceIntHandlerInternal  usblib.lib(usbdenum.o)
    0x0000269c   0x0000269c   0x00000058   Code   RO         1812    i.USBDeviceResumeTickHandler  usblib.lib(usbdenum.o)
    0x000026f4   0x000026f4   0x0000001a   Code   RO         1194    i.USBEndpointDMAChannel  driverlib.lib(usb.o)
    0x0000270e   0x0000270e   0x00000056   Code   RO         1195    i.USBEndpointDMAConfigSet  driverlib.lib(usb.o)
    0x00002764   0x00002764   0x00000024   Code   RO         1196    i.USBEndpointDMADisable  driverlib.lib(usb.o)
    0x00002788   0x00002788   0x00000024   Code   RO         1197    i.USBEndpointDMAEnable  driverlib.lib(usb.o)
    0x000027ac   0x000027ac   0x0000001e   Code   RO         1198    i.USBEndpointDataAvail  driverlib.lib(usb.o)
    0x000027ca   0x000027ca   0x00000054   Code   RO         1199    i.USBEndpointDataGet  driverlib.lib(usb.o)
    0x0000281e   0x0000281e   0x0000003a   Code   RO         1200    i.USBEndpointDataPut  driverlib.lib(usb.o)
    0x00002858   0x00002858   0x00000030   Code   RO         1201    i.USBEndpointDataSend  driverlib.lib(usb.o)
    0x00002888   0x00002888   0x0000000c   Code   RO         1203    i.USBEndpointPacketCountSet  driverlib.lib(usb.o)
    0x00002894   0x00002894   0x00000010   Code   RO         1204    i.USBEndpointStatus  driverlib.lib(usb.o)
    0x000028a4   0x000028a4   0x00000008   Code   RO         1205    i.USBFIFOAddrGet    driverlib.lib(usb.o)
    0x000028ac   0x000028ac   0x00000040   Code   RO         1207    i.USBFIFOConfigSet  driverlib.lib(usb.o)
    0x000028ec   0x000028ec   0x00000012   Code   RO         1234    i.USBHostResume     driverlib.lib(usb.o)
    0x000028fe   0x000028fe   0x00000002   PAD
    0x00002900   0x00002900   0x0000002c   Code   RO         1239    i.USBIntEnableControl  driverlib.lib(usb.o)
    0x0000292c   0x0000292c   0x00000016   Code   RO         1240    i.USBIntEnableEndpoint  driverlib.lib(usb.o)
    0x00002942   0x00002942   0x00000002   PAD
    0x00002944   0x00002944   0x0000003c   Code   RO         1242    i.USBIntStatusControl  driverlib.lib(usb.o)
    0x00002980   0x00002980   0x0000000a   Code   RO         1243    i.USBIntStatusEndpoint  driverlib.lib(usb.o)
    0x0000298a   0x0000298a   0x0000000c   Code   RO         1247    i.USBLPMIntEnable   driverlib.lib(usb.o)
    0x00002996   0x00002996   0x00000006   Code   RO         1248    i.USBLPMIntStatus   driverlib.lib(usb.o)
    0x0000299c   0x0000299c   0x0000015c   Code   RO         2544    i.USBLibDMAInit     usblib.lib(usbdma.o)
    0x00002af8   0x00002af8   0x00000008   Code   RO         1254    i.USBOTGMode        driverlib.lib(usb.o)
    0x00002b00   0x00002b00   0x0000001c   Code   RO         1058    i.USBStackModeSet   usblib.lib(usbmode.o)
    0x00002b1c   0x00002b1c   0x0000000e   Code   RO         1259    i.USBULPIDisable    driverlib.lib(usb.o)
    0x00002b2a   0x00002b2a   0x0000000e   Code   RO         1260    i.USBULPIEnable     driverlib.lib(usb.o)
    0x00002b38   0x00002b38   0x00000020   Code   RO         1261    i.USBULPIRegRead    driverlib.lib(usb.o)
    0x00002b58   0x00002b58   0x00000020   Code   RO         1262    i.USBULPIRegWrite   driverlib.lib(usb.o)
    0x00002b78   0x00002b78   0x0000000e   Code   RO         2988    i.__scatterload_copy  mc_w.l(handlers.o)
    0x00002b86   0x00002b86   0x00000002   Code   RO         2989    i.__scatterload_null  mc_w.l(handlers.o)
    0x00002b88   0x00002b88   0x0000000e   Code   RO         2990    i.__scatterload_zeroinit  mc_w.l(handlers.o)
    0x00002b96   0x00002b96   0x00000002   Code   RO         2546    i.iDMAUSBArbSizeSet  usblib.lib(usbdma.o)
    0x00002b98   0x00002b98   0x00000084   Code   RO         2547    i.iDMAUSBChannelAllocate  usblib.lib(usbdma.o)
    0x00002c1c   0x00002c1c   0x00000034   Code   RO         2548    i.iDMAUSBChannelDisable  usblib.lib(usbdma.o)
    0x00002c50   0x00002c50   0x00000052   Code   RO         2549    i.iDMAUSBChannelEnable  usblib.lib(usbdma.o)
    0x00002ca2   0x00002ca2   0x00000008   Code   RO         2550    i.iDMAUSBChannelIntDisable  usblib.lib(usbdma.o)
    0x00002caa   0x00002caa   0x00000008   Code   RO         2551    i.iDMAUSBChannelIntEnable  usblib.lib(usbdma.o)
    0x00002cb2   0x00002cb2   0x0000003e   Code   RO         2552    i.iDMAUSBChannelRelease  usblib.lib(usbdma.o)
    0x00002cf0   0x00002cf0   0x00000038   Code   RO         2553    i.iDMAUSBChannelStatus  usblib.lib(usbdma.o)
    0x00002d28   0x00002d28   0x00000006   Code   RO         2554    i.iDMAUSBIntStatus  usblib.lib(usbdma.o)
    0x00002d2e   0x00002d2e   0x000000f4   Code   RO         2555    i.iDMAUSBTransfer   usblib.lib(usbdma.o)
    0x00002e22   0x00002e22   0x00000002   Code   RO         2556    i.iDMAUSBUnitSizeSet  usblib.lib(usbdma.o)
    0x00002e24   0x00002e24   0x00000150   Code   RO            2    i.main              main.o
    0x00002f74   0x00002f74   0x00000048   Code   RO         2803    i.uDMAChannelAttributeDisable  driverlib.lib(udma.o)
    0x00002fbc   0x00002fbc   0x00000020   Code   RO         2806    i.uDMAChannelControlSet  driverlib.lib(udma.o)
    0x00002fdc   0x00002fdc   0x00000014   Code   RO         2807    i.uDMAChannelDisable  driverlib.lib(udma.o)
    0x00002ff0   0x00002ff0   0x00000014   Code   RO         2808    i.uDMAChannelEnable  driverlib.lib(udma.o)
    0x00003004   0x00003004   0x00000028   Code   RO         2810    i.uDMAChannelModeGet  driverlib.lib(udma.o)
    0x0000302c   0x0000302c   0x00000080   Code   RO         2816    i.uDMAChannelTransferSet  driverlib.lib(udma.o)
    0x000030ac   0x000030ac   0x00000068   Code   RO         2557    i.uDMAUSBArbSizeSet  usblib.lib(usbdma.o)
    0x00003114   0x00003114   0x000000c0   Code   RO         2558    i.uDMAUSBChannelAllocate  usblib.lib(usbdma.o)
    0x000031d4   0x000031d4   0x00000058   Code   RO         2559    i.uDMAUSBChannelDisable  usblib.lib(usbdma.o)
    0x0000322c   0x0000322c   0x0000006a   Code   RO         2560    i.uDMAUSBChannelEnable  usblib.lib(usbdma.o)
    0x00003296   0x00003296   0x00000002   Code   RO         2561    i.uDMAUSBChannelIntDisable  usblib.lib(usbdma.o)
    0x00003298   0x00003298   0x00000002   Code   RO         2562    i.uDMAUSBChannelIntEnable  usblib.lib(usbdma.o)
    0x0000329a   0x0000329a   0x0000005a   Code   RO         2563    i.uDMAUSBChannelRelease  usblib.lib(usbdma.o)
    0x000032f4   0x000032f4   0x00000026   Code   RO         2564    i.uDMAUSBChannelStatus  usblib.lib(usbdma.o)
    0x0000331a   0x0000331a   0x00000034   Code   RO         2565    i.uDMAUSBIntStatus  usblib.lib(usbdma.o)
    0x0000334e   0x0000334e   0x000000c8   Code   RO         2566    i.uDMAUSBTransfer   usblib.lib(usbdma.o)
    0x00003416   0x00003416   0x00000054   Code   RO         2567    i.uDMAUSBUnitSizeSet  usblib.lib(usbdma.o)
    0x0000346a   0x0000346a   0x00000002   PAD
    0x0000346c   0x0000346c   0x00000003   Data   RO            3    .constdata          main.o
    0x0000346f   0x0000346f   0x00000001   PAD
    0x00003470   0x00003470   0x000000d8   Data   RO          109    .constdata          usb_keyb_structs.o
    0x00003548   0x00003548   0x0000010c   Data   RO          208    .constdata          driverlib.lib(interrupt.o)
    0x00003654   0x00003654   0x00000007   Data   RO          971    .constdata          usblib.lib(usbdhidkeyb.o)
    0x0000365b   0x0000365b   0x00000007   Data   RO          972    .constdata          usblib.lib(usbdhidkeyb.o)
    0x00003662   0x00003662   0x0000003f   Data   RO          973    .constdata          usblib.lib(usbdhidkeyb.o)
    0x000036a1   0x000036a1   0x00000003   PAD
    0x000036a4   0x000036a4   0x00000011   Data   RO          974    .constdata          usblib.lib(usbdhidkeyb.o)
    0x000036b5   0x000036b5   0x00000003   PAD
    0x000036b8   0x000036b8   0x00000008   Data   RO          975    .constdata          usblib.lib(usbdhidkeyb.o)
    0x000036c0   0x000036c0   0x00000008   Data   RO          976    .constdata          usblib.lib(usbdhidkeyb.o)
    0x000036c8   0x000036c8   0x00000008   Data   RO          977    .constdata          usblib.lib(usbdhidkeyb.o)
    0x000036d0   0x000036d0   0x00000008   Data   RO          978    .constdata          usblib.lib(usbdhidkeyb.o)
    0x000036d8   0x000036d8   0x00000034   Data   RO         1814    .constdata          usblib.lib(usbdenum.o)
    0x0000370c   0x0000370c   0x00000030   Data   RO         1990    .constdata          usblib.lib(usbdhid.o)
    0x0000373c   0x0000373c   0x00000020   Data   RO         2986    Region$$Table       anon$$obj.o


    Execution Region ER_RW (Exec base: 0x20000000, Load base: 0x0000375c, Size: 0x00000120, Max: 0xffffffff, ABSOLUTE)

    Exec Addr    Load Addr    Size         Type   Attr      Idx    E Section Name        Object

    0x20000000   0x0000375c   0x00000001   Data   RW            4    .data               main.o
    0x20000001   0x0000375d   0x00000003   PAD
    0x20000004   0x00003760   0x000000a4   Data   RW          110    .data               usb_keyb_structs.o
    0x200000a8   0x00003804   0x00000002   Data   RW          132    .data               buttons.o
    0x200000aa   0x00003806   0x00000009   Data   RW          979    .data               usblib.lib(usbdhidkeyb.o)
    0x200000b3   0x0000380f   0x00000009   Data   RW          980    .data               usblib.lib(usbdhidkeyb.o)
    0x200000bc   0x00003818   0x00000008   Data   RW          981    .data               usblib.lib(usbdhidkeyb.o)
    0x200000c4   0x00003820   0x00000014   Data   RW          982    .data               usblib.lib(usbdhidkeyb.o)
    0x200000d8   0x00003834   0x00000008   Data   RW          983    .data               usblib.lib(usbdhidkeyb.o)
    0x200000e0   0x0000383c   0x00000010   Data   RW         1059    .data               usblib.lib(usbmode.o)
    0x200000f0   0x0000384c   0x00000010   Data   RW         1815    .data               usblib.lib(usbdenum.o)
    0x20000100   0x0000385c   0x00000012   Data   RW         1991    .data               usblib.lib(usbdhid.o)
    0x20000112   0x0000386e   0x00000002   PAD
    0x20000114   0x00003870   0x00000008   Data   RW         2405    .data               usblib.lib(usbtick.o)
    0x2000011c   0x00003878   0x00000004   Data   RW         2406    .data               usblib.lib(usbtick.o)


    Execution Region ER_ZI (Exec base: 0x20000120, Load base: 0x0000387c, Size: 0x000005d0, Max: 0xffffffff, ABSOLUTE)

    Exec Addr    Load Addr    Size         Type   Attr      Idx    E Section Name        Object

    0x20000120        -       0x00000090   Zero   RW         1813    .bss                usblib.lib(usbdenum.o)
    0x200001b0        -       0x00000030   Zero   RW         2404    .bss                usblib.lib(usbtick.o)
    0x200001e0        -       0x00000110   Zero   RW         2568    .bss                usblib.lib(usbdma.o)
    0x200002f0        -       0x00000400   Zero   RW          102    STACK               startup_rvmdk.o


==============================================================================

Image component sizes


      Code (inc. data)   RO Data    RW Data    ZI Data      Debug   Object Name

       304         46          0          2          0       3723   buttons.o
       376         42          3          1          0      34361   main.o
       648        622          0          0       1024        408   startup_rvmdk.o
       140         26          0          0          0       1008   timer.o
         0          0        216        164          0       1577   usb_keyb_structs.o

    ----------------------------------------------------------------------
      1468        736        252        170       1024      41077   Object Totals
         0          0         32          0          0          0   (incl. Generated)
         0          0          1          3          0          0   (incl. Padding)

    ----------------------------------------------------------------------

      Code (inc. data)   RO Data    RW Data    ZI Data      Debug   Library Member Name

        38          0          0          0          0        572   cpu.o
       310         24        268          0          0       6290   interrupt.o
       160         16          0          0          0       3486   sysctl.o
       142          8          0          0          0       2605   timer.o
       312         32          0          0          0       3961   udma.o
      1388         10          0          0          0      41171   usb.o
         0          0          0          0          0          0   entry.o
         0          0          0          0          0          0   entry10a.o
         0          0          0          0          0          0   entry11a.o
         8          4          0          0          0          0   entry2.o
         4          0          0          0          0          0   entry5.o
         0          0          0          0          0          0   entry7b.o
         0          0          0          0          0          0   entry8b.o
         8          4          0          0          0          0   entry9a.o
        30          0          0          0          0          0   handlers.o
        36          8          0          0          0         68   init.o
       456          0          0          0          0       4863   usbdcdesc.o
       616         12          0          0          0       3605   usbdconfig.o
      3312        264         52         16        144      19766   usbdenum.o
       100          0          0          0          0      12065   usbdesc.o
        24          4          0          0          0      16159   usbdhandler.o
      1962         48         48         18          0      14680   usbdhid.o
       704         32        126         54          0      20780   usbdhidkeyb.o
      2042        124          0          0        272      16032   usbdma.o
        28          4          0         16          0       1994   usbmode.o
       164         28          0         12         48      16276   usbtick.o
        90          0          0          0          0        592   usbulpi.o

    ----------------------------------------------------------------------
     11952        622        500        118        464     184965   Library Totals
        18          0          6          2          0          0   (incl. Padding)

    ----------------------------------------------------------------------

      Code (inc. data)   RO Data    RW Data    ZI Data      Debug   Library Name

      2350         90        268          0          0      58085   driverlib.lib
        86         16          0          0          0         68   mc_w.l
      9498        516        226        116        464     126812   usblib.lib

    ----------------------------------------------------------------------
     11952        622        500        118        464     184965   Library Totals

    ----------------------------------------------------------------------

==============================================================================


      Code (inc. data)   RO Data    RW Data    ZI Data      Debug   

     13420       1358        752        288       1488     211046   Grand Totals
     13420       1358        752        288       1488     211046   ELF Image Totals
     13420       1358        752        288          0          0   ROM Totals

==============================================================================

    Total RO  Size (Code + RO Data)                14172 (  13.84kB)
    Total RW  Size (RW Data + ZI Data)              1776 (   1.73kB)
    Total ROM Size (Code + RO Data + RW Data)      14460 (  14.12kB)

==============================================================================

